Archive member included to satisfy reference by file (symbol)

C:/devkitPro/libogc/lib/wii\libwiiuse.a(wpad.o)
                              gxsprites.o (WPAD_Init)
C:/devkitPro/libogc/lib/wii\libwiiuse.a(motion_plus.o)
                              C:/devkitPro/libogc/lib/wii\libwiiuse.a(wpad.o) (wiiuse_set_motion_plus)
C:/devkitPro/libogc/lib/wii\libwiiuse.a(dynamics.o)
                              C:/devkitPro/libogc/lib/wii\libwiiuse.a(wpad.o) (calculate_gforce)
C:/devkitPro/libogc/lib/wii\libwiiuse.a(io.o)
                              C:/devkitPro/libogc/lib/wii\libwiiuse.a(motion_plus.o) (wiiuse_disable_expansion)
C:/devkitPro/libogc/lib/wii\libwiiuse.a(io_wii.o)
                              C:/devkitPro/libogc/lib/wii\libwiiuse.a(wpad.o) (__wiiuse_sensorbar_enable)
C:/devkitPro/libogc/lib/wii\libwiiuse.a(ir.o)
                              C:/devkitPro/libogc/lib/wii\libwiiuse.a(motion_plus.o) (wiiuse_set_ir_mode)
C:/devkitPro/libogc/lib/wii\libwiiuse.a(nunchuk.o)
                              C:/devkitPro/libogc/lib/wii\libwiiuse.a(io.o) (nunchuk_handshake)
C:/devkitPro/libogc/lib/wii\libwiiuse.a(wiiboard.o)
                              C:/devkitPro/libogc/lib/wii\libwiiuse.a(io.o) (wii_board_handshake)
C:/devkitPro/libogc/lib/wii\libwiiuse.a(wiiuse.o)
                              C:/devkitPro/libogc/lib/wii\libwiiuse.a(wpad.o) (wiiuse_init)
C:/devkitPro/libogc/lib/wii\libwiiuse.a(speaker.o)
                              C:/devkitPro/libogc/lib/wii\libwiiuse.a(wpad.o) (wencdata)
C:/devkitPro/libogc/lib/wii\libwiiuse.a(classic.o)
                              C:/devkitPro/libogc/lib/wii\libwiiuse.a(io.o) (classic_ctrl_handshake)
C:/devkitPro/libogc/lib/wii\libwiiuse.a(events.o)
                              C:/devkitPro/libogc/lib/wii\libwiiuse.a(io_wii.o) (parse_event)
C:/devkitPro/libogc/lib/wii\libwiiuse.a(guitar_hero_3.o)
                              C:/devkitPro/libogc/lib/wii\libwiiuse.a(io.o) (guitar_hero_3_handshake)
C:/devkitPro/libogc/lib/wii\libbte.a(bte.o)
                              C:/devkitPro/libogc/lib/wii\libwiiuse.a(wpad.o) (BTE_Init)
C:/devkitPro/libogc/lib/wii\libbte.a(hci.o)
                              C:/devkitPro/libogc/lib/wii\libbte.a(bte.o) (hci_init)
C:/devkitPro/libogc/lib/wii\libbte.a(l2cap.o)
                              C:/devkitPro/libogc/lib/wii\libbte.a(bte.o) (l2cap_init)
C:/devkitPro/libogc/lib/wii\libbte.a(btmemb.o)
                              C:/devkitPro/libogc/lib/wii\libbte.a(bte.o) (btmemb_init)
C:/devkitPro/libogc/lib/wii\libbte.a(btmemr.o)
                              C:/devkitPro/libogc/lib/wii\libbte.a(hci.o) (btmemr_init)
C:/devkitPro/libogc/lib/wii\libbte.a(btpbuf.o)
                              C:/devkitPro/libogc/lib/wii\libbte.a(hci.o) (btpbuf_init)
C:/devkitPro/libogc/lib/wii\libbte.a(physbusif.o)
                              C:/devkitPro/libogc/lib/wii\libbte.a(bte.o) (physbusif_init)
C:/devkitPro/libogc/lib/wii\libogc.a(lwp_queue.o)
                              C:/devkitPro/libogc/lib/wii\libwiiuse.a(io_wii.o) (__lwp_queue_initialize)
C:/devkitPro/libogc/lib/wii\libogc.a(lwp_threads.o)
                              C:/devkitPro/libogc/lib/wii\libwiiuse.a(wpad.o) (_thread_dispatch_disable_level)
C:/devkitPro/libogc/lib/wii\libogc.a(lwp.o)
                              C:/devkitPro/libogc/lib/wii\libbte.a(bte.o) (LWP_InitQueue)
C:/devkitPro/libogc/lib/wii\libogc.a(lwp_handler.o)
                              C:/devkitPro/libogc/lib/wii\libogc.a(lwp_threads.o) (_cpu_context_save_fp)
C:/devkitPro/libogc/lib/wii\libogc.a(lwp_stack.o)
                              C:/devkitPro/libogc/lib/wii\libogc.a(lwp_threads.o) (__lwp_stack_allocate)
C:/devkitPro/libogc/lib/wii\libogc.a(lwp_watchdog.o)
                              C:/devkitPro/libogc/lib/wii\libogc.a(lwp_threads.o) (__lwp_wd_insert)
C:/devkitPro/libogc/lib/wii\libogc.a(lwp_wkspace.o)
                              C:/devkitPro/libogc/lib/wii\libwiiuse.a(motion_plus.o) (__wkspace_heap)
C:/devkitPro/libogc/lib/wii\libogc.a(lwp_objmgr.o)
                              C:/devkitPro/libogc/lib/wii\libogc.a(lwp.o) (__lwp_objmgr_initinfo)
C:/devkitPro/libogc/lib/wii\libogc.a(lwp_heap.o)
                              C:/devkitPro/libogc/lib/wii\libogc.a(lwp_wkspace.o) (__lwp_heap_init)
C:/devkitPro/libogc/lib/wii\libogc.a(sys_state.o)
                              C:/devkitPro/libogc/lib/wii\libogc.a(lwp_threads.o) (_sys_state_curr)
C:/devkitPro/libogc/lib/wii\libogc.a(irq.o)
                              C:/devkitPro/libogc/lib/wii\libwiiuse.a(io_wii.o) (IRQ_Disable)
C:/devkitPro/libogc/lib/wii\libogc.a(video.o)
                              gxsprites.o (VIDEO_Configure)
C:/devkitPro/libogc/lib/wii\libogc.a(system.o)
                              C:/devkitPro/libogc/lib/wii\libwiiuse.a(wpad.o) (__SYS_DoPowerCB)
C:/devkitPro/libogc/lib/wii\libogc.a(system_asm.o)
                              C:/devkitPro/libogc/lib/wii\libbte.a(bte.o) (SYS_SwitchFiber)
[...]
Memory Configuration

Name             Origin             Length             Attributes
*default*        0x0000000000000000 0xffffffffffffffff

Linker script and memory map

                0x0000000000003400                . = 0x3400

.stub
 *(.stub)
                0x0000000080004000                . = 0x80004000

.init           0x0000000080004000      0x194
 *crt0.o(*.init)
 .init          0x0000000080004000      0x170 C:/devkitPro/libogc/lib/wii\libogc.a(ogc_crt0.o)
                0x0000000080004000                _start
                0x0000000080004140                _memset
 *(.init)
 .init          0x0000000080004170        0xc c:/devkitpro/devkitppc/bin/../lib/gcc/powerpc-eabi/10.2.0/ecrti.o
                0x0000000080004170                __init
 .init          0x000000008000417c        0x4 c:/devkitpro/devkitppc/bin/../lib/gcc/powerpc-eabi/10.2.0/crtbegin.o
 .init          0x0000000080004180        0x4 c:/devkitpro/devkitppc/bin/../lib/gcc/powerpc-eabi/10.2.0/crtend.o
 .init          0x0000000080004184       0x10 c:/devkitpro/devkitppc/bin/../lib/gcc/powerpc-eabi/10.2.0/ecrtn.o

.rela.dyn       0x0000000080004194        0x0
 .rela.iplt     0x0000000080004194        0x0 c:/devkitpro/devkitppc/bin/../lib/gcc/powerpc-eabi/10.2.0/crtbegin.o

.plt
 *(.plt)

.interp
 *(.interp)

.hash
 *(.hash)

.dynsym
 *(.dynsym)

.dynstr
 *(.dynstr)

.gnu.version
 *(.gnu.version)

.gnu.version_d
 *(.gnu.version_d)

.gnu.version_r
 *(.gnu.version_r)

.rel.init
 *(.rel.init)

.rela.init      0x0000000080004194        0x0
 *(.rela.init)
 .rela.init     0x0000000080004194        0x0 c:/devkitpro/devkitppc/bin/../lib/gcc/powerpc-eabi/10.2.0/crtbegin.o

.rel.text
 *(.rel.text .rel.text.* .rel.gnu.linkonce.t.*)

.rela.text      0x0000000080004194        0x0
 *(.rela.text .rela.text.* .rela.gnu.linkonce.t.*)
 .rela.text.deregister_tm_clones
                0x0000000080004194        0x0 c:/devkitpro/devkitppc/bin/../lib/gcc/powerpc-eabi/10.2.0/crtbegin.o
 .rela.text.register_tm_clones
                0x0000000080004194        0x0 c:/devkitpro/devkitppc/bin/../lib/gcc/powerpc-eabi/10.2.0/crtbegin.o
 .rela.text.__do_global_dtors_aux
                0x0000000080004194        0x0 c:/devkitpro/devkitppc/bin/../lib/gcc/powerpc-eabi/10.2.0/crtbegin.o
 .rela.text.frame_dummy
                0x0000000080004194        0x0 c:/devkitpro/devkitppc/bin/../lib/gcc/powerpc-eabi/10.2.0/crtbegin.o
 .rela.text.__lwp_sysinit
                0x0000000080004194        0x0 c:/devkitpro/devkitppc/bin/../lib/gcc/powerpc-eabi/10.2.0/crtbegin.o
 .rela.text.__irq_init
                0x0000000080004194        0x0 c:/devkitpro/devkitppc/bin/../lib/gcc/powerpc-eabi/10.2.0/crtbegin.o
 .rela.text.SYS_Init
                0x0000000080004194        0x0 c:/devkitpro/devkitppc/bin/../lib/gcc/powerpc-eabi/10.2.0/crtbegin.o
 .rela.text.__GX_InitRevBits
                0x0000000080004194        0x0 c:/devkitpro/devkitppc/bin/../lib/gcc/powerpc-eabi/10.2.0/crtbegin.o
 .rela.text.__GXDefTexRegionCallback
                0x0000000080004194        0x0 c:/devkitpro/devkitppc/bin/../lib/gcc/powerpc-eabi/10.2.0/crtbegin.o
 .rela.text.__GXDefTlutRegionCallback
                0x0000000080004194        0x0 c:/devkitpro/devkitppc/bin/../lib/gcc/powerpc-eabi/10.2.0/crtbegin.o
 .rela.text.__SetSURegs
                0x0000000080004194        0x0 c:/devkitpro/devkitppc/bin/../lib/gcc/powerpc-eabi/10.2.0/crtbegin.o
 .rela.text.__SETVCDATTR
                0x0000000080004194        0x0 c:/devkitpro/devkitppc/bin/../lib/gcc/powerpc-eabi/10.2.0/crtbegin.o
 .rela.text.__SETVCDFMT
                0x0000000080004194        0x0 c:/devkitpro/devkitppc/bin/../lib/gcc/powerpc-eabi/10.2.0/crtbegin.o
 .rela.text.__GXCPInterruptHandler
                0x0000000080004194        0x0 c:/devkitpro/devkitppc/bin/../lib/gcc/powerpc-eabi/10.2.0/crtbegin.o
 .rela.text.GX_SetTexCoordGen2.part.0
                0x0000000080004194        0x0 c:/devkitpro/devkitppc/bin/../lib/gcc/powerpc-eabi/10.2.0/crtbegin.o
 .rela.text.__GX_SetDirtyState
                0x0000000080004194        0x0 c:/devkitpro/devkitppc/bin/../lib/gcc/powerpc-eabi/10.2.0/crtbegin.o
 .rela.text.GX_SetCPUFifo
                0x0000000080004194        0x0 c:/devkitpro/devkitppc/bin/../lib/gcc/powerpc-eabi/10.2.0/crtbegin.o
 .rela.text.GX_SetGPFifo
                0x0000000080004194        0x0 c:/devkitpro/devkitppc/bin/../lib/gcc/powerpc-eabi/10.2.0/crtbegin.o
 .rela.text.GX_AbortFrame
                0x0000000080004194        0x0 c:/devkitpro/devkitppc/bin/../lib/gcc/powerpc-eabi/10.2.0/crtbegin.o
 .rela.text.__gx_onreset
                0x0000000080004194        0x0 c:/devkitpro/devkitppc/bin/../lib/gcc/powerpc-eabi/10.2.0/crtbegin.o
 .rela.text.GX_DrawDone
                0x0000000080004194        0x0 c:/devkitpro/devkitppc/bin/../lib/gcc/powerpc-eabi/10.2.0/crtbegin.o
 .rela.text.GX_SetDispCopyGamma
                0x0000000080004194        0x0 c:/devkitpro/devkitppc/bin/../lib/gcc/powerpc-eabi/10.2.0/crtbegin.o
 .rela.text.GX_SetDispCopyYScale
                0x0000000080004194        0x0 c:/devkitpro/devkitppc/bin/../lib/gcc/powerpc-eabi/10.2.0/crtbegin.o
 .rela.text.GX_SetDispCopyDst
                0x0000000080004194        0x0 c:/devkitpro/devkitppc/bin/../lib/gcc/powerpc-eabi/10.2.0/crtbegin.o
 .rela.text.GX_SetDispCopySrc
                0x0000000080004194        0x0 c:/devkitpro/devkitppc/bin/../lib/gcc/powerpc-eabi/10.2.0/crtbegin.o
 .rela.text.GX_CopyDisp
                0x0000000080004194        0x0 c:/devkitpro/devkitppc/bin/../lib/gcc/powerpc-eabi/10.2.0/crtbegin.o
 .rela.text.GX_SetVtxDesc
                0x0000000080004194        0x0 c:/devkitpro/devkitppc/bin/../lib/gcc/powerpc-eabi/10.2.0/crtbegin.o
 .rela.text.GX_SetVtxAttrFmt
                0x0000000080004194        0x0 c:/devkitpro/devkitppc/bin/../lib/gcc/powerpc-eabi/10.2.0/crtbegin.o
 .rela.text.GX_Begin
                0x0000000080004194        0x0 c:/devkitpro/devkitppc/bin/../lib/gcc/powerpc-eabi/10.2.0/crtbegin.o
 .rela.text.GX_SetNumTexGens
                0x0000000080004194        0x0 c:/devkitpro/devkitppc/bin/../lib/gcc/powerpc-eabi/10.2.0/crtbegin.o
 .rela.text.GX_SetZMode
                0x0000000080004194        0x0 c:/devkitpro/devkitppc/bin/../lib/gcc/powerpc-eabi/10.2.0/crtbegin.o
 .rela.text.GX_LoadTexObjPreloaded
                0x0000000080004194        0x0 c:/devkitpro/devkitppc/bin/../lib/gcc/powerpc-eabi/10.2.0/crtbegin.o
 .rela.text.GX_InvalidateTexAll
                0x0000000080004194        0x0 c:/devkitpro/devkitppc/bin/../lib/gcc/powerpc-eabi/10.2.0/crtbegin.o
 .rela.text.GX_SetBlendMode
                0x0000000080004194        0x0 c:/devkitpro/devkitppc/bin/../lib/gcc/powerpc-eabi/10.2.0/crtbegin.o
 .rela.text.GX_ClearVtxDesc
                0x0000000080004194        0x0 c:/devkitpro/devkitppc/bin/../lib/gcc/powerpc-eabi/10.2.0/crtbegin.o
 .rela.text.GX_SetTevColorIn
                0x0000000080004194        0x0 c:/devkitpro/devkitppc/bin/../lib/gcc/powerpc-eabi/10.2.0/crtbegin.o
 .rela.text.GX_SetTevAlphaIn
                0x0000000080004194        0x0 c:/devkitpro/devkitppc/bin/../lib/gcc/powerpc-eabi/10.2.0/crtbegin.o
 .rela.text.GX_SetTevColorOp
                0x0000000080004194        0x0 c:/devkitpro/devkitppc/bin/../lib/gcc/powerpc-eabi/10.2.0/crtbegin.o
 .rela.text.GX_SetTevAlphaOp
                0x0000000080004194        0x0 c:/devkitpro/devkitppc/bin/../lib/gcc/powerpc-eabi/10.2.0/crtbegin.o
 .rela.text.GX_SetCullMode
                0x0000000080004194        0x0 c:/devkitpro/devkitppc/bin/../lib/gcc/powerpc-eabi/10.2.0/crtbegin.o
 .rela.text.GX_SetScissor
                0x0000000080004194        0x0 c:/devkitpro/devkitppc/bin/../lib/gcc/powerpc-eabi/10.2.0/crtbegin.o
 .rela.text.GX_SetNumChans
                0x0000000080004194        0x0 c:/devkitpro/devkitppc/bin/../lib/gcc/powerpc-eabi/10.2.0/crtbegin.o
 .rela.text.GX_SetTevOrder
                0x0000000080004194        0x0 c:/devkitpro/devkitppc/bin/../lib/gcc/powerpc-eabi/10.2.0/crtbegin.o
 .rela.text.GX_SetTevKColorSel
                0x0000000080004194        0x0 c:/devkitpro/devkitppc/bin/../lib/gcc/powerpc-eabi/10.2.0/crtbegin.o
 .rela.text.GX_SetTevKAlphaSel
                0x0000000080004194        0x0 c:/devkitpro/devkitppc/bin/../lib/gcc/powerpc-eabi/10.2.0/crtbegin.o
 .rela.text.GX_SetTevSwapModeTable
                0x0000000080004194        0x0 c:/devkitpro/devkitppc/bin/../lib/gcc/powerpc-eabi/10.2.0/crtbegin.o
 .rela.text.GX_SetColorUpdate
                0x0000000080004194        0x0 c:/devkitpro/devkitppc/bin/../lib/gcc/powerpc-eabi/10.2.0/crtbegin.o
 .rela.text.GX_SetAlphaUpdate
                0x0000000080004194        0x0 c:/devkitpro/devkitppc/bin/../lib/gcc/powerpc-eabi/10.2.0/crtbegin.o
 .rela.text.GX_SetPixelFmt
                0x0000000080004194        0x0 c:/devkitpro/devkitppc/bin/../lib/gcc/powerpc-eabi/10.2.0/crtbegin.o
 .rela.text.GX_SetFieldMode
                0x0000000080004194        0x0 c:/devkitpro/devkitppc/bin/../lib/gcc/powerpc-eabi/10.2.0/crtbegin.o
 .rela.text.GX_SetGPMetric
                0x0000000080004194        0x0 c:/devkitpro/devkitppc/bin/../lib/gcc/powerpc-eabi/10.2.0/crtbegin.o
 .rela.text.GX_Init
                0x0000000080004194        0x0 c:/devkitpro/devkitppc/bin/../lib/gcc/powerpc-eabi/10.2.0/crtbegin.o
 .rela.text.__CheckARGV
                0x0000000080004194        0x0 c:/devkitpro/devkitppc/bin/../lib/gcc/powerpc-eabi/10.2.0/crtbegin.o

.rel.fini
 *(.rel.fini)

.rela.fini
 *(.rela.fini)

.rel.rodata
 *(.rel.rodata .rel.rodata.* .rel.gnu.linkonce.r.*)

.rela.rodata
 *(.rela.rodata .rela.rodata.* .rela.gnu.linkonce.r.*)

.rel.data
 *(.rel.data .rel.data.* .rel.gnu.linkonce.d.*)

.rela.data
 *(.rela.data .rela.data.* .rela.gnu.linkonce.d.*)

.rel.tdata
 *(.rel.tdata .rel.tdata.* .rel.gnu.linkonce.td.*)

.rela.tdata
 *(.rela.tdata .rela.tdata.* .rela.gnu.linkonce.td.*)

.rel.tbss
 *(.rel.tbss .rel.tbss.* .rel.gnu.linkonce.tb.*)

.rela.tbss
 *(.rela.tbss .rela.tbss.* .rela.gnu.linkonce.tb.*)

.rel.ctors
 *(.rel.ctors)

.rela.ctors
 *(.rela.ctors)

.rel.dtors
 *(.rel.dtors)

.rela.dtors
 *(.rela.dtors)

.rel.got
 *(.rel.got)

.rela.got
 *(.rela.got)

.rela.got1
 *(.rela.got1)

.rela.got2
 *(.rela.got2)

.rel.sdata
 *(.rel.sdata .rel.sdata.* .rel.gnu.linkonce.s.*)

.rela.sdata
 *(.rela.sdata .rela.sdata.* .rela.gnu.linkonce.s.*)

.rel.sbss
 *(.rel.sbss .rel.sbss.* .rel.gnu.linkonce.sb.*)

.rela.sbss
 *(.rela.sbss .rela.sbss.* .rel.gnu.linkonce.sb.*)

.rel.sdata2
 *(.rel.sdata2 .rel.sdata2.* .rel.gnu.linkonce.s2.*)

.rela.sdata2    0x0000000080004194        0x0
 *(.rela.sdata2 .rela.sdata2.* .rela.gnu.linkonce.s2.*)
 .rela.sdata2.__sys_inIPL
                0x0000000080004194        0x0 c:/devkitpro/devkitppc/bin/../lib/gcc/powerpc-eabi/10.2.0/crtbegin.o

.rel.sbss2
 *(.rel.sbss2 .rel.sbss2.* .rel.gnu.linkonce.sb2.*)

.rela.sbss2
 *(.rela.sbss2 .rela.sbss2.* .rela.gnu.linkonce.sb2.*)

.rel.bss
 *(.rel.bss .rel.bss.* .rel.gnu.linkonce.b.*)

.rela.bss
 *(.rela.bss .rela.bss.* .rela.gnu.linkonce.b.*)

.rel.plt
 *(.rel.plt)

.rela.plt
 *(.rela.plt)

.text           0x00000000800041a0    0x42c40
 *(.text)
 .text          0x00000000800041a0      0x44c C:/devkitPro/libogc/lib/wii\libogc.a(lwp_handler.o)
                0x00000000800041a0                _cpu_context_save_fp
                0x00000000800042e0                _cpu_context_restore_fp
                0x0000000080004420                _cpu_context_switch
                0x0000000080004500                _cpu_context_save
                0x0000000080004580                _cpu_context_restore
 .text          0x00000000800045ec      0x4a0 C:/devkitPro/libogc/lib/wii\libogc.a(system_asm.o)
                0x00000000800045ec                __realmode
                0x0000000080004604                __configBATS
                0x0000000080004734                __InitFPRS
                0x0000000080004860                __InitPS
                0x00000000800048bc                __InitCache
                0x0000000080004914                __InitSystem
                0x000000008000499c                __flush_cache
                0x00000000800049d0                __reset
                0x0000000080004a40                __InitBATS
                0x0000000080004a5c                SYS_SwitchFiber
 .text          0x0000000080004a8c      0x8dc C:/devkitPro/libogc/lib/wii\libogc.a(gu_psasm.o)
                0x0000000080004a8c                ps_guMtxConcat
                0x0000000080004b50                ps_guMtxIdentity
                0x0000000080004b7c                ps_guMtxCopy
                0x0000000080004bb0                ps_guMtxTranspose
                0x0000000080004c00                ps_guMtxInverse
                0x0000000080004cf8                ps_guMtxInvXpose
                0x0000000080004dc0                ps_guMtxScale
                0x0000000080004de8                ps_guMtxScaleApply
                0x0000000080004e40                ps_guMtxApplyScale
                0x0000000080004ea4                ps_guMtxTrans
                0x0000000080004ed8                ps_guMtxTransApply
                0x0000000080004f24                ps_guMtxApplyTrans
                0x0000000080004fa0                ps_guMtxRotTrig
                0x0000000080005050                __ps_guMtxRotAxisRadInternal
                0x0000000080005110                ps_guMtxReflect
                0x0000000080005180                ps_guVecAdd
                0x00000000800051a4                ps_guVecSub
                0x00000000800051c8                ps_guVecScale
                0x00000000800051e4                ps_guVecNormalize
                0x0000000080005228                ps_guVecCross
                0x0000000080005264                ps_guVecDotProduct
                0x0000000080005284                ps_guVecMultiply
                0x00000000800052d8                ps_guVecMultiplySR
                0x0000000080005348                ps_guQuatDotProduct
 .text          0x0000000080005368      0x1ac C:/devkitPro/libogc/lib/wii\libogc.a(irq_handler.o)
                0x0000000080005368                irq_exceptionhandler
 .text          0x0000000080005514      0x4f4 C:/devkitPro/libogc/lib/wii\libogc.a(cache_asm.o)
                0x0000000080005514                DCFlashInvalidate
                0x0000000080005528                DCEnable
                0x000000008000553c                DCDisable
                0x0000000080005550                DCFreeze
                0x0000000080005564                DCUnfreeze
                0x0000000080005578                DCTouchLoad
                0x0000000080005580                DCBlockZero
                0x0000000080005588                DCBlockStore
                0x0000000080005590                DCBlockFlush
                0x0000000080005598                DCBlockInvalidate
                0x00000000800055a0                DCInvalidateRange
                0x00000000800055d0                DCFlushRange
                0x0000000080005604                DCStoreRange
                0x0000000080005638                DCFlushRangeNoSync
                0x0000000080005668                DCStoreRangeNoSync
                0x0000000080005698                DCZeroRange
                0x00000000800056c8                DCTouchRange
                0x00000000800056f8                ICInvalidateRange
                0x0000000080005730                ICFlashInvalidate
                0x0000000080005744                ICEnable
                0x0000000080005758                ICDisable
                0x000000008000576c                ICFreeze
                0x0000000080005780                ICUnfreeze
                0x0000000080005794                ICBlockInvalidate
                0x000000008000579c                ICSync
                0x00000000800057a4                L2Init
                0x00000000800057ec                L2Enable
                0x0000000080005808                L2Disable
                0x0000000080005820                L2GlobalInvalidate
                0x0000000080005878                __LCEnable
                0x0000000080005944                LCDisable
                0x000000008000596c                LCAllocOneTag
                0x0000000080005980                LCAllocTags
                0x00000000800059c0                LCLoadBlocks
                0x00000000800059e4                LCStoreBlocks
 .text          0x0000000080005a08      0x1ac C:/devkitPro/libogc/lib/wii\libogc.a(decrementer_handler.o)
                0x0000000080005a08                dec_exceptionhandler
 .text          0x0000000080005bb4      0x35c C:/devkitPro/libogc/lib/wii\libogc.a(exception_handler.o)
                0x0000000080005bb4                exceptionhandler_start
                0x0000000080005c30                exceptionhandler_patch
                0x0000000080005c64                exceptionhandler_end
                0x0000000080005c68                default_exceptionhandler
                0x0000000080005d98                fpu_exceptionhandler
                0x0000000080005ee0                systemcallhandler_start
                0x0000000080005f0c                systemcallhandler_end
 .text          0x0000000080005f10       0x48 c:/devkitpro/devkitppc/bin/../lib/gcc/powerpc-eabi/10.2.0\libgcc.a(eabi.o)
                0x0000000080005f10                __eabi
 *(.text.*)
 .text.deregister_tm_clones
                0x0000000080005f58       0x30 c:/devkitpro/devkitppc/bin/../lib/gcc/powerpc-eabi/10.2.0/crtbegin.o
 .text.register_tm_clones
                0x0000000080005f88       0x3c c:/devkitpro/devkitppc/bin/../lib/gcc/powerpc-eabi/10.2.0/crtbegin.o
 .text.__do_global_dtors_aux
                0x0000000080005fc4       0xd0 c:/devkitpro/devkitppc/bin/../lib/gcc/powerpc-eabi/10.2.0/crtbegin.o
 .text.frame_dummy
                0x0000000080006094       0x44 c:/devkitpro/devkitppc/bin/../lib/gcc/powerpc-eabi/10.2.0/crtbegin.o
 .text.__crtmain
                0x00000000800060d8       0x44 c:/devkitpro/devkitppc/bin/../lib/gcc/powerpc-eabi/10.2.0/../../../../powerpc-eabi/lib/crtmain.o
                0x00000000800060dc                __crtmain
 .text.drawSpriteTex
                0x000000008000611c      0x194 gxsprites.o
                0x000000008000611c                drawSpriteTex
 .text.startup.main
                0x00000000800062b0      0x5dc gxsprites.o
                0x00000000800062b0                main
 .text.__wpad_assign_slot
                0x000000008000688c      0x394 C:/devkitPro/libogc/lib/wii\libwiiuse.a(wpad.o)
                0x000000008000688c                __wpad_assign_slot
 .text.__wpad_def_powcb
                0x0000000080006c20        0x4 C:/devkitPro/libogc/lib/wii\libwiiuse.a(wpad.o)
 .text.__readlinkkey_finished
                0x0000000080006c24       0x34 C:/devkitPro/libogc/lib/wii\libwiiuse.a(wpad.o)
 .text.__wpad_patch_finished
                0x0000000080006c58       0x2c C:/devkitPro/libogc/lib/wii\libwiiuse.a(wpad.o)
 .text.__wpad_setfmt
                0x0000000080006c84      0x158 C:/devkitPro/libogc/lib/wii\libwiiuse.a(wpad.o)
 .text.__wpad_eventCB
                0x0000000080006ddc      0xc10 C:/devkitPro/libogc/lib/wii\libwiiuse.a(wpad.o)
 .text.__wpad_disconnectCB
                0x00000000800079ec      0x47c C:/devkitPro/libogc/lib/wii\libwiiuse.a(wpad.o)
                0x00000000800079ec                __wpad_disconnectCB
 .text.__wpad_timeouthandler
                0x0000000080007e68      0x1d0 C:/devkitPro/libogc/lib/wii\libwiiuse.a(wpad.o)
 .text.__initcore_finished
                0x0000000080008038       0x48 C:/devkitPro/libogc/lib/wii\libwiiuse.a(wpad.o)
 .text.__wpad_init_finished
                0x0000000080008080      0x18c C:/devkitPro/libogc/lib/wii\libwiiuse.a(wpad.o)
 .text.WPAD_ReadEvent
                0x000000008000820c      0x694 C:/devkitPro/libogc/lib/wii\libwiiuse.a(wpad.o)
                0x000000008000820c                WPAD_ReadEvent
 .text.WPAD_ReadPending
                0x00000000800088a0      0x1c4 C:/devkitPro/libogc/lib/wii\libwiiuse.a(wpad.o)
                0x00000000800088a0                WPAD_ReadPending
 .text.WPAD_Shutdown
                0x0000000080008a64      0x108 C:/devkitPro/libogc/lib/wii\libwiiuse.a(wpad.o)
                0x0000000080008a64                WPAD_Shutdown
 .text.WPAD_Init
                0x0000000080008b6c      0x2c4 C:/devkitPro/libogc/lib/wii\libwiiuse.a(wpad.o)
                0x0000000080008b6c                WPAD_Init
 .text.__wpad_onreset
                0x0000000080008e30       0x34 C:/devkitPro/libogc/lib/wii\libwiiuse.a(wpad.o)
 .text.WPAD_ScanPads
                0x0000000080008e64       0x94 C:/devkitPro/libogc/lib/wii\libwiiuse.a(wpad.o)
                0x0000000080008e64                WPAD_ScanPads
 .text.WPAD_ButtonsDown
                0x0000000080008ef8       0x28 C:/devkitPro/libogc/lib/wii\libwiiuse.a(wpad.o)
                0x0000000080008ef8                WPAD_ButtonsDown
 .text.motion_plus_disconnected
                0x0000000080008f20       0x10 C:/devkitPro/libogc/lib/wii\libwiiuse.a(motion_plus.o)
                0x0000000080008f20                motion_plus_disconnected
 .text.motion_plus_event
                0x0000000080008f30       0x64 C:/devkitPro/libogc/lib/wii\libwiiuse.a(motion_plus.o)
                0x0000000080008f30                motion_plus_event
 .text.calculate_gforce
                0x0000000080008f94      0x114 C:/devkitPro/libogc/lib/wii\libwiiuse.a(dynamics.o)
                0x0000000080008f94                calculate_gforce
 .text.calc_joystick_state
                0x00000000800090a8      0x210 C:/devkitPro/libogc/lib/wii\libwiiuse.a(dynamics.o)
                0x00000000800090a8                calc_joystick_state
 .text.apply_smoothing
                0x00000000800092b8      0x120 C:/devkitPro/libogc/lib/wii\libwiiuse.a(dynamics.o)
                0x00000000800092b8                apply_smoothing
 .text.calculate_orientation
                0x00000000800093d8      0x328 C:/devkitPro/libogc/lib/wii\libwiiuse.a(dynamics.o)
                0x00000000800093d8                calculate_orientation
 .text.calc_balanceboard_state
                0x0000000080009700      0x3a4 C:/devkitPro/libogc/lib/wii\libwiiuse.a(dynamics.o)
                0x0000000080009700                calc_balanceboard_state
 .text.wiiuse_handshake
                0x0000000080009aa4      0x26c C:/devkitPro/libogc/lib/wii\libwiiuse.a(io.o)
                0x0000000080009aa4                wiiuse_handshake
 .text.wiiuse_handshake_expansion
                0x0000000080009d10      0x1fc C:/devkitPro/libogc/lib/wii\libwiiuse.a(io.o)
                0x0000000080009d10                wiiuse_handshake_expansion
 .text.wiiuse_handshake_expansion_start
                0x0000000080009f0c       0x5c C:/devkitPro/libogc/lib/wii\libwiiuse.a(io.o)
                0x0000000080009f0c                wiiuse_handshake_expansion_start
 .text.wiiuse_disable_expansion
                0x0000000080009f68      0x1b0 C:/devkitPro/libogc/lib/wii\libwiiuse.a(io.o)
                0x0000000080009f68                wiiuse_disable_expansion
 .text.__wiiuse_connected
                0x000000008000a118       0x9c C:/devkitPro/libogc/lib/wii\libwiiuse.a(io_wii.o)
 .text.__wiiuse_disconnected
                0x000000008000a1b4       0xb4 C:/devkitPro/libogc/lib/wii\libwiiuse.a(io_wii.o)
 .text.__wiiuse_receive
                0x000000008000a268       0xd0 C:/devkitPro/libogc/lib/wii\libwiiuse.a(io_wii.o)
 .text.__wiiuse_sensorbar_enable
                0x000000008000a338       0x54 C:/devkitPro/libogc/lib/wii\libwiiuse.a(io_wii.o)
                0x000000008000a338                __wiiuse_sensorbar_enable
 .text.wiiuse_register
                0x000000008000a38c       0xf0 C:/devkitPro/libogc/lib/wii\libwiiuse.a(io_wii.o)
                0x000000008000a38c                wiiuse_register
 .text.wiiuse_disconnect
                0x000000008000a47c       0x24 C:/devkitPro/libogc/lib/wii\libwiiuse.a(io_wii.o)
                0x000000008000a47c                wiiuse_disconnect
 .text.wiiuse_init_cmd_queue
                0x000000008000a4a0       0x9c C:/devkitPro/libogc/lib/wii\libwiiuse.a(io_wii.o)
                0x000000008000a4a0                wiiuse_init_cmd_queue
 .text.wiiuse_io_write
                0x000000008000a53c       0x1c C:/devkitPro/libogc/lib/wii\libwiiuse.a(io_wii.o)
                0x000000008000a53c                wiiuse_io_write
 .text.rotate_dots
                0x000000008000a558      0x13c C:/devkitPro/libogc/lib/wii\libwiiuse.a(ir.o)
 .text.get_ir_sens.constprop.0.isra.0
                0x000000008000a694       0xe4 C:/devkitPro/libogc/lib/wii\libwiiuse.a(ir.o)
 .text.wiiuse_set_ir_mode
                0x000000008000a778       0x88 C:/devkitPro/libogc/lib/wii\libwiiuse.a(ir.o)
                0x000000008000a778                wiiuse_set_ir_mode
 .text.wiiuse_set_ir
                0x000000008000a800      0x1f8 C:/devkitPro/libogc/lib/wii\libwiiuse.a(ir.o)
                0x000000008000a800                wiiuse_set_ir
 .text.wiiuse_set_ir_position
                0x000000008000a9f8       0x80 C:/devkitPro/libogc/lib/wii\libwiiuse.a(ir.o)
                0x000000008000a9f8                wiiuse_set_ir_position
 .text.wiiuse_set_aspect_ratio
                0x000000008000aa78       0xac C:/devkitPro/libogc/lib/wii\libwiiuse.a(ir.o)
                0x000000008000aa78                wiiuse_set_aspect_ratio
 .text.wiiuse_set_ir_sensitivity
                0x000000008000ab24      0x108 C:/devkitPro/libogc/lib/wii\libwiiuse.a(ir.o)
                0x000000008000ab24                wiiuse_set_ir_sensitivity
 .text.calculate_basic_ir
                0x000000008000ac2c      0x150 C:/devkitPro/libogc/lib/wii\libwiiuse.a(ir.o)
                0x000000008000ac2c                calculate_basic_ir
 .text.calculate_extended_ir
                0x000000008000ad7c      0x124 C:/devkitPro/libogc/lib/wii\libwiiuse.a(ir.o)
                0x000000008000ad7c                calculate_extended_ir
 .text.find_sensorbar
                0x000000008000aea0      0xdb4 C:/devkitPro/libogc/lib/wii\libwiiuse.a(ir.o)
                0x000000008000aea0                find_sensorbar
 .text.apply_ir_smoothing
                0x000000008000bc54      0x104 C:/devkitPro/libogc/lib/wii\libwiiuse.a(ir.o)
                0x000000008000bc54                apply_ir_smoothing
 .text.interpret_ir_data
                0x000000008000bd58      0x3e0 C:/devkitPro/libogc/lib/wii\libwiiuse.a(ir.o)
                0x000000008000bd58                interpret_ir_data
 .text.nunchuk_handshake
                0x000000008000c138      0x2d0 C:/devkitPro/libogc/lib/wii\libwiiuse.a(nunchuk.o)
                0x000000008000c138                nunchuk_handshake
 .text.nunchuk_disconnected
                0x000000008000c408        0xc C:/devkitPro/libogc/lib/wii\libwiiuse.a(nunchuk.o)
                0x000000008000c408                nunchuk_disconnected
 .text.nunchuk_event
                0x000000008000c414       0xe0 C:/devkitPro/libogc/lib/wii\libwiiuse.a(nunchuk.o)
                0x000000008000c414                nunchuk_event
 .text.wii_board_handshake
                0x000000008000c4f4      0x284 C:/devkitPro/libogc/lib/wii\libwiiuse.a(wiiboard.o)
                0x000000008000c4f4                wii_board_handshake
 .text.wii_board_disconnected
                0x000000008000c778        0xc C:/devkitPro/libogc/lib/wii\libwiiuse.a(wiiboard.o)
                0x000000008000c778                wii_board_disconnected
 .text.wii_board_event
                0x000000008000c784       0x24 C:/devkitPro/libogc/lib/wii\libwiiuse.a(wiiboard.o)
                0x000000008000c784                wii_board_event
 .text.wiiuse_send_next_command
                0x000000008000c7a8       0x58 C:/devkitPro/libogc/lib/wii\libwiiuse.a(wiiuse.o)
                0x000000008000c7a8                wiiuse_send_next_command
 .text.wiiuse_init
                0x000000008000c800      0x210 C:/devkitPro/libogc/lib/wii\libwiiuse.a(wiiuse.o)
                0x000000008000c800                wiiuse_init
 .text.wiiuse_set_flags
                0x000000008000ca10       0x28 C:/devkitPro/libogc/lib/wii\libwiiuse.a(wiiuse.o)
                0x000000008000ca10                wiiuse_set_flags
 .text.wiiuse_read_data
                0x000000008000ca38      0x128 C:/devkitPro/libogc/lib/wii\libwiiuse.a(wiiuse.o)
                0x000000008000ca38                wiiuse_read_data
 .text.wiiuse_write_data
                0x000000008000cb60      0x164 C:/devkitPro/libogc/lib/wii\libwiiuse.a(wiiuse.o)
                0x000000008000cb60                wiiuse_write_data
 .text.wiiuse_sendcmd
                0x000000008000ccc4      0x170 C:/devkitPro/libogc/lib/wii\libwiiuse.a(wiiuse.o)
                0x000000008000ccc4                wiiuse_sendcmd
 .text.wiiuse_set_leds
                0x000000008000ce34       0x50 C:/devkitPro/libogc/lib/wii\libwiiuse.a(wiiuse.o)
                0x000000008000ce34                wiiuse_set_leds
 .text.wiiuse_set_report_type
                0x000000008000ce84      0x13c C:/devkitPro/libogc/lib/wii\libwiiuse.a(wiiuse.o)
                0x000000008000ce84                wiiuse_set_report_type
 .text.wiiuse_status
                0x000000008000cfc0       0x4c C:/devkitPro/libogc/lib/wii\libwiiuse.a(wiiuse.o)
                0x000000008000cfc0                wiiuse_status
 .text.wiiuse_motion_sensing
                0x000000008000d00c       0x84 C:/devkitPro/libogc/lib/wii\libwiiuse.a(wiiuse.o)
                0x000000008000d00c                wiiuse_motion_sensing
 .text.wiiuse_set_speaker
                0x000000008000d090      0x240 C:/devkitPro/libogc/lib/wii\libwiiuse.a(speaker.o)
                0x000000008000d090                wiiuse_set_speaker
 .text.classic_ctrl_handshake
                0x000000008000d2d0      0x2f8 C:/devkitPro/libogc/lib/wii\libwiiuse.a(classic.o)
                0x000000008000d2d0                classic_ctrl_handshake
 .text.classic_ctrl_disconnected
                0x000000008000d5c8        0xc C:/devkitPro/libogc/lib/wii\libwiiuse.a(classic.o)
                0x000000008000d5c8                classic_ctrl_disconnected
 .text.classic_ctrl_event
                0x000000008000d5d4      0x168 C:/devkitPro/libogc/lib/wii\libwiiuse.a(classic.o)
                0x000000008000d5d4                classic_ctrl_event
 .text.handle_expansion
                0x000000008000d73c       0x54 C:/devkitPro/libogc/lib/wii\libwiiuse.a(events.o)
 .text.parse_event
                0x000000008000d790      0x748 C:/devkitPro/libogc/lib/wii\libwiiuse.a(events.o)
                0x000000008000d790                parse_event
 .text.guitar_hero_3_handshake
                0x000000008000ded8       0x5c C:/devkitPro/libogc/lib/wii\libwiiuse.a(guitar_hero_3.o)
                0x000000008000ded8                guitar_hero_3_handshake
 .text.guitar_hero_3_disconnected
                0x000000008000df34        0xc C:/devkitPro/libogc/lib/wii\libwiiuse.a(guitar_hero_3.o)
                0x000000008000df34                guitar_hero_3_disconnected
 .text.guitar_hero_3_event
                0x000000008000df40       0x6c C:/devkitPro/libogc/lib/wii\libwiiuse.a(guitar_hero_3.o)
                0x000000008000df40                guitar_hero_3_event
 .text.acl_wlp_completed
                0x000000008000dfac        0x8 C:/devkitPro/libogc/lib/wii\libbte.a(bte.o)
                0x000000008000dfac                acl_wlp_completed
 .text.bt_alarmhandler
                0x000000008000dfb4       0x60 C:/devkitPro/libogc/lib/wii\libbte.a(bte.o)
 .text.__bte_send_pending_request
                0x000000008000e014      0x108 C:/devkitPro/libogc/lib/wii\libbte.a(bte.o)
 .text.acl_conn_complete
                0x000000008000e11c       0x2c C:/devkitPro/libogc/lib/wii\libbte.a(bte.o)
                0x000000008000e11c                acl_conn_complete
 .text.l2cap_disconnect_cfm
                0x000000008000e148      0x19c C:/devkitPro/libogc/lib/wii\libbte.a(bte.o)
                0x000000008000e148                l2cap_disconnect_cfm
 .text.l2cap_accepted
                0x000000008000e2e4      0x128 C:/devkitPro/libogc/lib/wii\libbte.a(bte.o)
                0x000000008000e2e4                l2cap_accepted
 .text.bte_process_input
                0x000000008000e40c      0x148 C:/devkitPro/libogc/lib/wii\libbte.a(bte.o)
 .text.l2cap_disconnected_ind
                0x000000008000e554      0x1a4 C:/devkitPro/libogc/lib/wii\libbte.a(bte.o)
                0x000000008000e554                l2cap_disconnected_ind
 .text.__bte_shutdown_finished
                0x000000008000e6f8       0xd0 C:/devkitPro/libogc/lib/wii\libbte.a(bte.o)
 .text.bte_hci_apply_patch_complete
                0x000000008000e7c8      0x160 C:/devkitPro/libogc/lib/wii\libbte.a(bte.o)
                0x000000008000e7c8                bte_hci_apply_patch_complete
 .text.bte_hci_patch_complete
                0x000000008000e928      0x380 C:/devkitPro/libogc/lib/wii\libbte.a(bte.o)
                0x000000008000e928                bte_hci_patch_complete
 .text.bte_hci_initcore_complete
                0x000000008000eca8      0x294 C:/devkitPro/libogc/lib/wii\libbte.a(bte.o)
                0x000000008000eca8                bte_hci_initcore_complete
 .text.bte_read_stored_link_key_complete
                0x000000008000ef3c      0x26c C:/devkitPro/libogc/lib/wii\libbte.a(bte.o)
                0x000000008000ef3c                bte_read_stored_link_key_complete
 .text.bte_hci_initcore_complete2
                0x000000008000f1a8      0x24c C:/devkitPro/libogc/lib/wii\libbte.a(bte.o)
 .text.bte_hci_initsub_complete
                0x000000008000f3f4      0x2c0 C:/devkitPro/libogc/lib/wii\libbte.a(bte.o)
                0x000000008000f3f4                bte_hci_initsub_complete
 .text.BTE_Init
                0x000000008000f6b4      0x138 C:/devkitPro/libogc/lib/wii\libbte.a(bte.o)
                0x000000008000f6b4                BTE_Init
 .text.BTE_Shutdown
                0x000000008000f7ec      0x100 C:/devkitPro/libogc/lib/wii\libbte.a(bte.o)
                0x000000008000f7ec                BTE_Shutdown
 .text.BTE_InitCore
                0x000000008000f8ec       0x8c C:/devkitPro/libogc/lib/wii\libbte.a(bte.o)
                0x000000008000f8ec                BTE_InitCore
 .text.BTE_ApplyPatch
                0x000000008000f978       0xa4 C:/devkitPro/libogc/lib/wii\libbte.a(bte.o)
                0x000000008000f978                BTE_ApplyPatch
 .text.BTE_InitSub
                0x000000008000fa1c       0x90 C:/devkitPro/libogc/lib/wii\libbte.a(bte.o)
                0x000000008000fa1c                BTE_InitSub
 .text.BTE_ReadStoredLinkKey
                0x000000008000faac       0x90 C:/devkitPro/libogc/lib/wii\libbte.a(bte.o)
                0x000000008000faac                BTE_ReadStoredLinkKey
 .text.BTE_SetDisconnectCallback
                0x000000008000fb3c        0x4 C:/devkitPro/libogc/lib/wii\libbte.a(bte.o)
                0x000000008000fb3c                BTE_SetDisconnectCallback
 .text.bte_new  0x000000008000fb40       0x54 C:/devkitPro/libogc/lib/wii\libbte.a(bte.o)
                0x000000008000fb40                bte_new
 .text.bte_registerdeviceasync
                0x000000008000fb94      0x158 C:/devkitPro/libogc/lib/wii\libbte.a(bte.o)
                0x000000008000fb94                bte_registerdeviceasync
 .text.bte_disconnect
                0x000000008000fcec       0xd8 C:/devkitPro/libogc/lib/wii\libbte.a(bte.o)
                0x000000008000fcec                bte_disconnect
 .text.bte_senddata
                0x000000008000fdc4      0x100 C:/devkitPro/libogc/lib/wii\libbte.a(bte.o)
                0x000000008000fdc4                bte_senddata
 .text.bte_arg  0x000000008000fec4       0x38 C:/devkitPro/libogc/lib/wii\libbte.a(bte.o)
                0x000000008000fec4                bte_arg
 .text.bte_received
                0x000000008000fefc       0x38 C:/devkitPro/libogc/lib/wii\libbte.a(bte.o)
                0x000000008000fefc                bte_received
 .text.bte_disconnected
                0x000000008000ff34       0x38 C:/devkitPro/libogc/lib/wii\libbte.a(bte.o)
                0x000000008000ff34                bte_disconnected
 .text.hci_get_link
                0x000000008000ff6c       0x84 C:/devkitPro/libogc/lib/wii\libbte.a(hci.o)
 .text.hci_init
                0x000000008000fff0       0x7c C:/devkitPro/libogc/lib/wii\libbte.a(hci.o)
                0x000000008000fff0                hci_init
 .text.hci_close
                0x000000008001006c       0xd0 C:/devkitPro/libogc/lib/wii\libbte.a(hci.o)
                0x000000008001006c                hci_close
 .text.hci_reset_all
                0x000000008001013c       0xb8 C:/devkitPro/libogc/lib/wii\libbte.a(hci.o)
                0x000000008001013c                hci_reset_all
 .text.hci_arg  0x00000000800101f4        0xc C:/devkitPro/libogc/lib/wii\libbte.a(hci.o)
                0x00000000800101f4                hci_arg
 .text.hci_cmd_complete
                0x0000000080010200        0xc C:/devkitPro/libogc/lib/wii\libbte.a(hci.o)
                0x0000000080010200                hci_cmd_complete
 .text.hci_connection_complete
                0x000000008001020c        0xc C:/devkitPro/libogc/lib/wii\libbte.a(hci.o)
                0x000000008001020c                hci_connection_complete
 .text.hci_wlp_complete
                0x0000000080010218        0xc C:/devkitPro/libogc/lib/wii\libbte.a(hci.o)
                0x0000000080010218                hci_wlp_complete
 .text.hci_reset
                0x0000000080010224       0xa8 C:/devkitPro/libogc/lib/wii\libbte.a(hci.o)
                0x0000000080010224                hci_reset
 .text.hci_read_buffer_size
                0x00000000800102cc       0xa8 C:/devkitPro/libogc/lib/wii\libbte.a(hci.o)
                0x00000000800102cc                hci_read_buffer_size
 .text.hci_read_bd_addr
                0x0000000080010374       0xa8 C:/devkitPro/libogc/lib/wii\libbte.a(hci.o)
                0x0000000080010374                hci_read_bd_addr
 .text.hci_read_local_version
                0x000000008001041c       0xa4 C:/devkitPro/libogc/lib/wii\libbte.a(hci.o)
                0x000000008001041c                hci_read_local_version
 .text.hci_read_local_features
                0x00000000800104c0       0xa8 C:/devkitPro/libogc/lib/wii\libbte.a(hci.o)
                0x00000000800104c0                hci_read_local_features
 .text.hci_read_stored_link_key
                0x0000000080010568       0xfc C:/devkitPro/libogc/lib/wii\libbte.a(hci.o)
                0x0000000080010568                hci_read_stored_link_key
 .text.hci_write_page_timeout
                0x0000000080010664       0xcc C:/devkitPro/libogc/lib/wii\libbte.a(hci.o)
                0x0000000080010664                hci_write_page_timeout
 .text.hci_write_scan_enable
                0x0000000080010730       0xb8 C:/devkitPro/libogc/lib/wii\libbte.a(hci.o)
                0x0000000080010730                hci_write_scan_enable
 .text.hci_accecpt_conn_request
                0x00000000800107e8       0xdc C:/devkitPro/libogc/lib/wii\libbte.a(hci.o)
                0x00000000800107e8                hci_accecpt_conn_request
 .text.hci_write_local_name
                0x00000000800108c4       0xd4 C:/devkitPro/libogc/lib/wii\libbte.a(hci.o)
                0x00000000800108c4                hci_write_local_name
 .text.hci_write_pin_type
                0x0000000080010998       0xb8 C:/devkitPro/libogc/lib/wii\libbte.a(hci.o)
                0x0000000080010998                hci_write_pin_type
 .text.hci_write_inquiry_mode
                0x0000000080010a50       0xb8 C:/devkitPro/libogc/lib/wii\libbte.a(hci.o)
                0x0000000080010a50                hci_write_inquiry_mode
 .text.hci_write_page_scan_type
                0x0000000080010b08       0xb8 C:/devkitPro/libogc/lib/wii\libbte.a(hci.o)
                0x0000000080010b08                hci_write_page_scan_type
 .text.hci_write_inquiry_scan_type
                0x0000000080010bc0       0xb8 C:/devkitPro/libogc/lib/wii\libbte.a(hci.o)
                0x0000000080010bc0                hci_write_inquiry_scan_type
 .text.hci_vendor_specific_command
                0x0000000080010c78       0xe4 C:/devkitPro/libogc/lib/wii\libbte.a(hci.o)
                0x0000000080010c78                hci_vendor_specific_command
 .text.hci_write_link_policy_settings
                0x0000000080010d5c      0x100 C:/devkitPro/libogc/lib/wii\libbte.a(hci.o)
                0x0000000080010d5c                hci_write_link_policy_settings
 .text.hci_pin_code_request_neg_reply
                0x0000000080010e5c       0xc8 C:/devkitPro/libogc/lib/wii\libbte.a(hci.o)
                0x0000000080010e5c                hci_pin_code_request_neg_reply
 .text.hci_link_key_req_neg_reply
                0x0000000080010f24       0xc8 C:/devkitPro/libogc/lib/wii\libbte.a(hci.o)
                0x0000000080010f24                hci_link_key_req_neg_reply
 .text.hci_disconnect
                0x0000000080010fec       0xf8 C:/devkitPro/libogc/lib/wii\libbte.a(hci.o)
                0x0000000080010fec                hci_disconnect
 .text.hci_write_cod
                0x00000000800110e4       0xc8 C:/devkitPro/libogc/lib/wii\libbte.a(hci.o)
                0x00000000800110e4                hci_write_cod
 .text.hci_host_buffer_size
                0x00000000800111ac      0x108 C:/devkitPro/libogc/lib/wii\libbte.a(hci.o)
                0x00000000800111ac                hci_host_buffer_size
 .text.hci_host_num_comp_packets
                0x00000000800112b4      0x104 C:/devkitPro/libogc/lib/wii\libbte.a(hci.o)
                0x00000000800112b4                hci_host_num_comp_packets
 .text.lp_pdu_maxsize
                0x00000000800113b8        0xc C:/devkitPro/libogc/lib/wii\libbte.a(hci.o)
                0x00000000800113b8                lp_pdu_maxsize
 .text.lp_acl_write
                0x00000000800113c4      0x154 C:/devkitPro/libogc/lib/wii\libbte.a(hci.o)
                0x00000000800113c4                lp_acl_write
 .text.lp_write_flush_timeout
                0x0000000080011518      0x100 C:/devkitPro/libogc/lib/wii\libbte.a(hci.o)
                0x0000000080011518                lp_write_flush_timeout
 .text.hci_event_handler
                0x0000000080011618      0xc70 C:/devkitPro/libogc/lib/wii\libbte.a(hci.o)
                0x0000000080011618                hci_event_handler
 .text.hci_acldata_handler
                0x0000000080012288      0x118 C:/devkitPro/libogc/lib/wii\libbte.a(hci.o)
                0x0000000080012288                hci_acldata_handler
 .text.l2cap_init
                0x00000000800123a0       0x60 C:/devkitPro/libogc/lib/wii\libbte.a(l2cap.o)
                0x00000000800123a0                l2cap_init
 .text.l2cap_write
                0x0000000080012400      0x1a8 C:/devkitPro/libogc/lib/wii\libbte.a(l2cap.o)
                0x0000000080012400                l2cap_write
 .text.l2cap_new
                0x00000000800125a8       0x60 C:/devkitPro/libogc/lib/wii\libbte.a(l2cap.o)
                0x00000000800125a8                l2cap_new
 .text.l2cap_close
                0x0000000080012608      0x1d4 C:/devkitPro/libogc/lib/wii\libbte.a(l2cap.o)
                0x0000000080012608                l2cap_close
 .text.l2cap_reset_all
                0x00000000800127dc      0x154 C:/devkitPro/libogc/lib/wii\libbte.a(l2cap.o)
                0x00000000800127dc                l2cap_reset_all
 .text.l2cap_signal
                0x0000000080012930      0x210 C:/devkitPro/libogc/lib/wii\libbte.a(l2cap.o)
                0x0000000080012930                l2cap_signal
 .text.l2ca_config_req.part.0
                0x0000000080012b40      0x120 C:/devkitPro/libogc/lib/wii\libbte.a(l2cap.o)
 .text.l2ca_disconnect_req
                0x0000000080012c60       0xc4 C:/devkitPro/libogc/lib/wii\libbte.a(l2cap.o)
                0x0000000080012c60                l2ca_disconnect_req
 .text.l2cap_tmr
                0x0000000080012d24      0x280 C:/devkitPro/libogc/lib/wii\libbte.a(l2cap.o)
                0x0000000080012d24                l2cap_tmr
 .text.l2cap_process_sig
                0x0000000080012fa4     0x12cc C:/devkitPro/libogc/lib/wii\libbte.a(l2cap.o)
                0x0000000080012fa4                l2cap_process_sig
 .text.l2cap_input
                0x0000000080014270      0x578 C:/devkitPro/libogc/lib/wii\libbte.a(l2cap.o)
                0x0000000080014270                l2cap_input
 .text.l2ca_datawrite
                0x00000000800147e8      0x118 C:/devkitPro/libogc/lib/wii\libbte.a(l2cap.o)
                0x00000000800147e8                l2ca_datawrite
 .text.lp_connect_cfm
                0x0000000080014900      0x184 C:/devkitPro/libogc/lib/wii\libbte.a(l2cap.o)
                0x0000000080014900                lp_connect_cfm
 .text.lp_connect_ind
                0x0000000080014a84        0x4 C:/devkitPro/libogc/lib/wii\libbte.a(l2cap.o)
                0x0000000080014a84                lp_connect_ind
 .text.lp_disconnect_ind
                0x0000000080014a88      0x12c C:/devkitPro/libogc/lib/wii\libbte.a(l2cap.o)
                0x0000000080014a88                lp_disconnect_ind
 .text.l2cap_disconnect_bb
                0x0000000080014bb4       0x10 C:/devkitPro/libogc/lib/wii\libbte.a(l2cap.o)
                0x0000000080014bb4                l2cap_disconnect_bb
 .text.l2cap_arg
                0x0000000080014bc4        0x8 C:/devkitPro/libogc/lib/wii\libbte.a(l2cap.o)
                0x0000000080014bc4                l2cap_arg
 .text.l2cap_connect_ind
                0x0000000080014bcc      0x100 C:/devkitPro/libogc/lib/wii\libbte.a(l2cap.o)
                0x0000000080014bcc                l2cap_connect_ind
 .text.l2cap_disconnect_ind
                0x0000000080014ccc        0x8 C:/devkitPro/libogc/lib/wii\libbte.a(l2cap.o)
                0x0000000080014ccc                l2cap_disconnect_ind
 .text.l2cap_recv
                0x0000000080014cd4        0x8 C:/devkitPro/libogc/lib/wii\libbte.a(l2cap.o)
                0x0000000080014cd4                l2cap_recv
 .text.btmemb_init
                0x0000000080014cdc       0x24 C:/devkitPro/libogc/lib/wii\libbte.a(btmemb.o)
                0x0000000080014cdc                btmemb_init
 .text.btmemb_alloc
                0x0000000080014d00       0x98 C:/devkitPro/libogc/lib/wii\libbte.a(btmemb.o)
                0x0000000080014d00                btmemb_alloc
 .text.btmemb_free
                0x0000000080014d98       0xd4 C:/devkitPro/libogc/lib/wii\libbte.a(btmemb.o)
                0x0000000080014d98                btmemb_free
 .text.plug_holes
                0x0000000080014e6c       0xb8 C:/devkitPro/libogc/lib/wii\libbte.a(btmemr.o)
 .text.btmemr_init
                0x0000000080014f24       0x98 C:/devkitPro/libogc/lib/wii\libbte.a(btmemr.o)
                0x0000000080014f24                btmemr_init
 .text.btmemr_malloc
                0x0000000080014fbc      0x18c C:/devkitPro/libogc/lib/wii\libbte.a(btmemr.o)
                0x0000000080014fbc                btmemr_malloc
 .text.btmemr_free
                0x0000000080015148       0x98 C:/devkitPro/libogc/lib/wii\libbte.a(btmemr.o)
                0x0000000080015148                btmemr_free
 .text.btmemr_realloc
                0x00000000800151e0      0x10c C:/devkitPro/libogc/lib/wii\libbte.a(btmemr.o)
                0x00000000800151e0                btmemr_realloc
 .text.btpbuf_init
                0x00000000800152ec       0x28 C:/devkitPro/libogc/lib/wii\libbte.a(btpbuf.o)
                0x00000000800152ec                btpbuf_init
 .text.btpbuf_free
                0x0000000080015314      0x124 C:/devkitPro/libogc/lib/wii\libbte.a(btpbuf.o)
                0x0000000080015314                btpbuf_free
 .text.btpbuf_alloc
                0x0000000080015438      0x238 C:/devkitPro/libogc/lib/wii\libbte.a(btpbuf.o)
                0x0000000080015438                btpbuf_alloc
 .text.btpbuf_realloc
                0x0000000080015670       0xec C:/devkitPro/libogc/lib/wii\libbte.a(btpbuf.o)
                0x0000000080015670                btpbuf_realloc
 .text.btpbuf_header
                0x000000008001575c       0x90 C:/devkitPro/libogc/lib/wii\libbte.a(btpbuf.o)
                0x000000008001575c                btpbuf_header
 .text.btpbuf_ref
                0x00000000800157ec       0x48 C:/devkitPro/libogc/lib/wii\libbte.a(btpbuf.o)
                0x00000000800157ec                btpbuf_ref
 .text.btpbuf_chain
                0x0000000080015834       0x9c C:/devkitPro/libogc/lib/wii\libbte.a(btpbuf.o)
                0x0000000080015834                btpbuf_chain
 .text.btpbuf_dechain
                0x00000000800158d0       0x7c C:/devkitPro/libogc/lib/wii\libbte.a(btpbuf.o)
                0x00000000800158d0                btpbuf_dechain
 .text.btpbuf_take
                0x000000008001594c      0x13c C:/devkitPro/libogc/lib/wii\libbte.a(btpbuf.o)
                0x000000008001594c                btpbuf_take
 .text.__usb_closeCB
                0x0000000080015a88       0x10 C:/devkitPro/libogc/lib/wii\libbte.a(physbusif.o)
 .text.__writebulkmsgCB
                0x0000000080015a98       0x3c C:/devkitPro/libogc/lib/wii\libbte.a(physbusif.o)
 .text.__writectrlmsgCB
                0x0000000080015ad4       0x3c C:/devkitPro/libogc/lib/wii\libbte.a(physbusif.o)
 .text.__issue_intrread.part.0
                0x0000000080015b10       0x80 C:/devkitPro/libogc/lib/wii\libbte.a(physbusif.o)
 .text.__readintrdataCB
                0x0000000080015b90      0x150 C:/devkitPro/libogc/lib/wii\libbte.a(physbusif.o)
 .text.__issue_bulkread.part.0
                0x0000000080015ce0       0x80 C:/devkitPro/libogc/lib/wii\libbte.a(physbusif.o)
 .text.__readbulkdataCB
                0x0000000080015d60      0x150 C:/devkitPro/libogc/lib/wii\libbte.a(physbusif.o)
 .text.physbusif_init
                0x0000000080015eb0      0x1dc C:/devkitPro/libogc/lib/wii\libbte.a(physbusif.o)
                0x0000000080015eb0                physbusif_init
 .text.physbusif_close
                0x000000008001608c       0x20 C:/devkitPro/libogc/lib/wii\libbte.a(physbusif.o)
                0x000000008001608c                physbusif_close
 .text.physbusif_shutdown
                0x00000000800160ac       0x24 C:/devkitPro/libogc/lib/wii\libbte.a(physbusif.o)
                0x00000000800160ac                physbusif_shutdown
 .text.physbusif_reset_all
                0x00000000800160d0        0x4 C:/devkitPro/libogc/lib/wii\libbte.a(physbusif.o)
                0x00000000800160d0                physbusif_reset_all
 .text.physbusif_output
                0x00000000800160d4      0x1e0 C:/devkitPro/libogc/lib/wii\libbte.a(physbusif.o)
                0x00000000800160d4                physbusif_output
 .text.__lwp_queue_initialize
                0x00000000800162b4       0x98 C:/devkitPro/libogc/lib/wii\libogc.a(lwp_queue.o)
                0x00000000800162b4                __lwp_queue_initialize
 .text.__lwp_queue_get
                0x000000008001634c       0x74 C:/devkitPro/libogc/lib/wii\libogc.a(lwp_queue.o)
                0x000000008001634c                __lwp_queue_get
 .text.__lwp_queue_append
                0x00000000800163c0       0x4c C:/devkitPro/libogc/lib/wii\libogc.a(lwp_queue.o)
                0x00000000800163c0                __lwp_queue_append
 .text.__lwp_isr_in_progress
                0x000000008001640c        0x8 C:/devkitPro/libogc/lib/wii\libogc.a(lwp_threads.o)
                0x000000008001640c                __lwp_isr_in_progress
 .text.__thread_dispatch_fp
                0x0000000080016414       0x88 C:/devkitPro/libogc/lib/wii\libogc.a(lwp_threads.o)
                0x0000000080016414                __thread_dispatch_fp
 .text.__thread_dispatch
                0x000000008001649c      0x110 C:/devkitPro/libogc/lib/wii\libogc.a(lwp_threads.o)
                0x000000008001649c                __thread_dispatch
 .text.__lwp_thread_resettimeslice
                0x00000000800165ac       0xb4 C:/devkitPro/libogc/lib/wii\libogc.a(lwp_threads.o)
                0x00000000800165ac                __lwp_thread_resettimeslice
 .text.__lwp_thread_tickle_timeslice
                0x0000000080016660       0xc8 C:/devkitPro/libogc/lib/wii\libogc.a(lwp_threads.o)
                0x0000000080016660                __lwp_thread_tickle_timeslice
 .text.__lwp_thread_setstate
                0x0000000080016728      0x16c C:/devkitPro/libogc/lib/wii\libogc.a(lwp_threads.o)
                0x0000000080016728                __lwp_thread_setstate
 .text.__lwp_thread_clearstate
                0x0000000080016894       0xe4 C:/devkitPro/libogc/lib/wii\libogc.a(lwp_threads.o)
                0x0000000080016894                __lwp_thread_clearstate
 .text.__lwp_thread_delayended
                0x0000000080016978       0x48 C:/devkitPro/libogc/lib/wii\libogc.a(lwp_threads.o)
                0x0000000080016978                __lwp_thread_delayended
 .text.__lwp_thread_suspend
                0x00000000800169c0      0x17c C:/devkitPro/libogc/lib/wii\libogc.a(lwp_threads.o)
                0x00000000800169c0                __lwp_thread_suspend
 .text.__lwp_thread_settransient
                0x0000000080016b3c       0xb4 C:/devkitPro/libogc/lib/wii\libogc.a(lwp_threads.o)
                0x0000000080016b3c                __lwp_thread_settransient
 .text.__lwp_thread_changepriority
                0x0000000080016bf0      0x1f8 C:/devkitPro/libogc/lib/wii\libogc.a(lwp_threads.o)
                0x0000000080016bf0                __lwp_thread_changepriority
 .text.__lwp_thread_resume
                0x0000000080016de8      0x12c C:/devkitPro/libogc/lib/wii\libogc.a(lwp_threads.o)
                0x0000000080016de8                __lwp_thread_resume
 .text.__lwp_thread_ready
                0x0000000080016f14       0xf0 C:/devkitPro/libogc/lib/wii\libogc.a(lwp_threads.o)
                0x0000000080016f14                __lwp_thread_ready
 .text.__lwp_thread_init
                0x0000000080017004      0x16c C:/devkitPro/libogc/lib/wii\libogc.a(lwp_threads.o)
                0x0000000080017004                __lwp_thread_init
 .text.__lwp_thread_close
                0x0000000080017170      0x138 C:/devkitPro/libogc/lib/wii\libogc.a(lwp_threads.o)
                0x0000000080017170                __lwp_thread_close
 .text.__lwp_thread_handler
                0x00000000800172a8       0xd8 C:/devkitPro/libogc/lib/wii\libogc.a(lwp_threads.o)
 .text.__lwp_thread_closeall
                0x0000000080017380       0xb4 C:/devkitPro/libogc/lib/wii\libogc.a(lwp_threads.o)
                0x0000000080017380                __lwp_thread_closeall
 .text.__lwp_thread_start
                0x0000000080017434       0xe8 C:/devkitPro/libogc/lib/wii\libogc.a(lwp_threads.o)
                0x0000000080017434                __lwp_thread_start
 .text.__lwp_thread_startmultitasking
                0x000000008001751c       0xac C:/devkitPro/libogc/lib/wii\libogc.a(lwp_threads.o)
                0x000000008001751c                __lwp_thread_startmultitasking
 .text.__lwp_thread_stopmultitasking
                0x00000000800175c8       0x58 C:/devkitPro/libogc/lib/wii\libogc.a(lwp_threads.o)
                0x00000000800175c8                __lwp_thread_stopmultitasking
 .text.__lwp_thread_coreinit
                0x0000000080017620       0xc8 C:/devkitPro/libogc/lib/wii\libogc.a(lwp_threads.o)
                0x0000000080017620                __lwp_thread_coreinit
 .text.idle_func
                0x00000000800176e8        0x4 C:/devkitPro/libogc/lib/wii\libogc.a(lwp.o)
 .text.__lwp_sysinit
                0x00000000800176ec      0x114 C:/devkitPro/libogc/lib/wii\libogc.a(lwp.o)
                0x00000000800176ec                __lwp_sysinit
 .text.LWP_SuspendThread
                0x0000000080017800       0xc0 C:/devkitPro/libogc/lib/wii\libogc.a(lwp.o)
                0x0000000080017800                LWP_SuspendThread
 .text.LWP_ResumeThread
                0x00000000800178c0       0xd0 C:/devkitPro/libogc/lib/wii\libogc.a(lwp.o)
                0x00000000800178c0                LWP_ResumeThread
 .text.LWP_GetSelf
                0x0000000080017990       0x28 C:/devkitPro/libogc/lib/wii\libogc.a(lwp.o)
                0x0000000080017990                LWP_GetSelf
 .text.LWP_InitQueue
                0x00000000800179b8      0x148 C:/devkitPro/libogc/lib/wii\libogc.a(lwp.o)
                0x00000000800179b8                LWP_InitQueue
 .text.LWP_CloseQueue
                0x0000000080017b00       0xd4 C:/devkitPro/libogc/lib/wii\libogc.a(lwp.o)
                0x0000000080017b00                LWP_CloseQueue
 .text.LWP_ThreadSleep
                0x0000000080017bd4      0x110 C:/devkitPro/libogc/lib/wii\libogc.a(lwp.o)
                0x0000000080017bd4                LWP_ThreadSleep
 .text.LWP_ThreadBroadcast
                0x0000000080017ce4       0x88 C:/devkitPro/libogc/lib/wii\libogc.a(lwp.o)
                0x0000000080017ce4                LWP_ThreadBroadcast
 .text.LWP_ThreadSignal
                0x0000000080017d6c       0x74 C:/devkitPro/libogc/lib/wii\libogc.a(lwp.o)
                0x0000000080017d6c                LWP_ThreadSignal
 .text.__lwp_stack_allocate
                0x0000000080017de0       0x60 C:/devkitPro/libogc/lib/wii\libogc.a(lwp_stack.o)
                0x0000000080017de0                __lwp_stack_allocate
 .text.__lwp_stack_free
                0x0000000080017e40       0x1c C:/devkitPro/libogc/lib/wii\libogc.a(lwp_stack.o)
                0x0000000080017e40                __lwp_stack_free
 .text.__lwp_wd_settimer
                0x0000000080017e5c       0xe0 C:/devkitPro/libogc/lib/wii\libogc.a(lwp_watchdog.o)
 .text.__lwp_watchdog_init
                0x0000000080017f3c       0x2c C:/devkitPro/libogc/lib/wii\libogc.a(lwp_watchdog.o)
                0x0000000080017f3c                __lwp_watchdog_init
 .text.__lwp_wd_insert
                0x0000000080017f68      0x1b0 C:/devkitPro/libogc/lib/wii\libogc.a(lwp_watchdog.o)
                0x0000000080017f68                __lwp_wd_insert
 .text.__lwp_wd_remove
                0x0000000080018118      0x138 C:/devkitPro/libogc/lib/wii\libogc.a(lwp_watchdog.o)
                0x0000000080018118                __lwp_wd_remove
 .text.__lwp_wd_tickle
                0x0000000080018250      0x120 C:/devkitPro/libogc/lib/wii\libogc.a(lwp_watchdog.o)
                0x0000000080018250                __lwp_wd_tickle
 .text.__lwp_wkspace_init
                0x0000000080018370       0xc0 C:/devkitPro/libogc/lib/wii\libogc.a(lwp_wkspace.o)
                0x0000000080018370                __lwp_wkspace_init
 .text.__lwp_objmgr_initinfo
                0x0000000080018430      0x1a0 C:/devkitPro/libogc/lib/wii\libogc.a(lwp_objmgr.o)
                0x0000000080018430                __lwp_objmgr_initinfo
 .text.__lwp_objmgr_getisrdisable
                0x00000000800185d0       0x60 C:/devkitPro/libogc/lib/wii\libogc.a(lwp_objmgr.o)
                0x00000000800185d0                __lwp_objmgr_getisrdisable
 .text.__lwp_objmgr_getnoprotection
                0x0000000080018630       0x24 C:/devkitPro/libogc/lib/wii\libogc.a(lwp_objmgr.o)
                0x0000000080018630                __lwp_objmgr_getnoprotection
 .text.__lwp_objmgr_get
                0x0000000080018654       0x70 C:/devkitPro/libogc/lib/wii\libogc.a(lwp_objmgr.o)
                0x0000000080018654                __lwp_objmgr_get
 .text.__lwp_objmgr_allocate
                0x00000000800186c4       0x88 C:/devkitPro/libogc/lib/wii\libogc.a(lwp_objmgr.o)
                0x00000000800186c4                __lwp_objmgr_allocate
 .text.__lwp_objmgr_free
                0x000000008001874c       0x60 C:/devkitPro/libogc/lib/wii\libogc.a(lwp_objmgr.o)
                0x000000008001874c                __lwp_objmgr_free
 .text.__lwp_heap_init
                0x00000000800187ac       0xa4 C:/devkitPro/libogc/lib/wii\libogc.a(lwp_heap.o)
                0x00000000800187ac                __lwp_heap_init
 .text.__lwp_heap_allocate
                0x0000000080018850      0x16c C:/devkitPro/libogc/lib/wii\libogc.a(lwp_heap.o)
                0x0000000080018850                __lwp_heap_allocate
 .text.__lwp_heap_free
                0x00000000800189bc      0x188 C:/devkitPro/libogc/lib/wii\libogc.a(lwp_heap.o)
                0x00000000800189bc                __lwp_heap_free
 .text.__SetInterrupts
                0x0000000080018b44      0x298 C:/devkitPro/libogc/lib/wii\libogc.a(irq.o)
 .text.c_irqdispatcher
                0x0000000080018ddc      0x2d4 C:/devkitPro/libogc/lib/wii\libogc.a(irq.o)
                0x0000000080018ddc                c_irqdispatcher
 .text.__UnmaskIrq
                0x00000000800190b0       0x84 C:/devkitPro/libogc/lib/wii\libogc.a(irq.o)
                0x00000000800190b0                __UnmaskIrq
 .text.__MaskIrq
                0x0000000080019134       0x84 C:/devkitPro/libogc/lib/wii\libogc.a(irq.o)
                0x0000000080019134                __MaskIrq
 .text.__irq_init
                0x00000000800191b8       0x9c C:/devkitPro/libogc/lib/wii\libogc.a(irq.o)
                0x00000000800191b8                __irq_init
 .text.IRQ_Request
                0x0000000080019254       0x50 C:/devkitPro/libogc/lib/wii\libogc.a(irq.o)
                0x0000000080019254                IRQ_Request
 .text.IRQ_GetHandler
                0x00000000800192a4       0x44 C:/devkitPro/libogc/lib/wii\libogc.a(irq.o)
                0x00000000800192a4                IRQ_GetHandler
 .text.IRQ_Disable
                0x00000000800192e8       0x1c C:/devkitPro/libogc/lib/wii\libogc.a(irq.o)
                0x00000000800192e8                IRQ_Disable
 .text.IRQ_Restore
                0x0000000080019304       0x1c C:/devkitPro/libogc/lib/wii\libogc.a(irq.o)
                0x0000000080019304                IRQ_Restore
 .text.__VISendI2CData.constprop.0.isra.0
                0x0000000080019320      0x454 C:/devkitPro/libogc/lib/wii\libogc.a(video.o)
 .text.__setFbbRegs.constprop.0
                0x0000000080019774      0x198 C:/devkitPro/libogc/lib/wii\libogc.a(video.o)
 .text.__VISetYUVSEL
                0x000000008001990c       0xc4 C:/devkitPro/libogc/lib/wii\libogc.a(video.o)
 .text.VIDEO_Configure
                0x00000000800199d0      0x600 C:/devkitPro/libogc/lib/wii\libogc.a(video.o)
                0x00000000800199d0                VIDEO_Configure
 .text.VIDEO_WaitVSync
                0x0000000080019fd0       0x74 C:/devkitPro/libogc/lib/wii\libogc.a(video.o)
                0x0000000080019fd0                VIDEO_WaitVSync
 .text.VIDEO_SetFramebuffer
                0x000000008001a044      0x108 C:/devkitPro/libogc/lib/wii\libogc.a(video.o)
                0x000000008001a044                VIDEO_SetFramebuffer
 .text.VIDEO_SetNextFramebuffer
                0x000000008001a14c       0x70 C:/devkitPro/libogc/lib/wii\libogc.a(video.o)
                0x000000008001a14c                VIDEO_SetNextFramebuffer
 .text.VIDEO_Flush
                0x000000008001a1bc       0xf4 C:/devkitPro/libogc/lib/wii\libogc.a(video.o)
                0x000000008001a1bc                VIDEO_Flush
 .text.VIDEO_SetBlack
                0x000000008001a2b0      0x144 C:/devkitPro/libogc/lib/wii\libogc.a(video.o)
                0x000000008001a2b0                VIDEO_SetBlack
 .text.VIDEO_GetCurrentTvMode
                0x000000008001a3f4       0x78 C:/devkitPro/libogc/lib/wii\libogc.a(video.o)
                0x000000008001a3f4                VIDEO_GetCurrentTvMode
 .text.__VIRetraceHandler
                0x000000008001a46c      0x294 C:/devkitPro/libogc/lib/wii\libogc.a(video.o)
 .text.__VISetupEncoder
                0x000000008001a700      0x2cc C:/devkitPro/libogc/lib/wii\libogc.a(video.o)
 .text.VIDEO_Init
                0x000000008001a9cc      0x4dc C:/devkitPro/libogc/lib/wii\libogc.a(video.o)
                0x000000008001a9cc                VIDEO_Init
 .text.VIDEO_GetPreferredMode
                0x000000008001aea8      0x100 C:/devkitPro/libogc/lib/wii\libogc.a(video.o)
                0x000000008001aea8                VIDEO_GetPreferredMode
 .text.VIDEO_GetCurrentLine
                0x000000008001afa8       0x98 C:/devkitPro/libogc/lib/wii\libogc.a(video.o)
                0x000000008001afa8                VIDEO_GetCurrentLine
 .text.VIDEO_GetFrameBufferSize
                0x000000008001b040       0x34 C:/devkitPro/libogc/lib/wii\libogc.a(video.o)
                0x000000008001b040                VIDEO_GetFrameBufferSize
 .text.__call_resetfuncs
                0x000000008001b074       0xbc C:/devkitPro/libogc/lib/wii\libogc.a(system.o)
 .text.__MEMInterruptHandler
                0x000000008001b130       0x14 C:/devkitPro/libogc/lib/wii\libogc.a(system.o)
 .text.__RSWDefaultHandler
                0x000000008001b144        0x4 C:/devkitPro/libogc/lib/wii\libogc.a(system.o)
 .text.__POWDefaultHandler
                0x000000008001b148        0x4 C:/devkitPro/libogc/lib/wii\libogc.a(system.o)
 .text.__STMEventHandler
                0x000000008001b14c      0x104 C:/devkitPro/libogc/lib/wii\libogc.a(system.o)
 .text.__sys_alarmhandler
                0x000000008001b250       0xfc C:/devkitPro/libogc/lib/wii\libogc.a(system.o)
 .text.__getrtc
                0x000000008001b34c      0x168 C:/devkitPro/libogc/lib/wii\libogc.a(system.o)
 .text.__sram_write
                0x000000008001b4b4      0x148 C:/devkitPro/libogc/lib/wii\libogc.a(system.o)
 .text.__sram_writecallback
                0x000000008001b5fc       0x54 C:/devkitPro/libogc/lib/wii\libogc.a(system.o)
 .text.__mem_onreset
                0x000000008001b650       0x48 C:/devkitPro/libogc/lib/wii\libogc.a(system.o)
 .text.__unlocksram
                0x000000008001b698      0x178 C:/devkitPro/libogc/lib/wii\libogc.a(system.o)
 .text.__syscall_sbrk_r
                0x000000008001b810        0x4 C:/devkitPro/libogc/lib/wii\libogc.a(system.o)
                0x000000008001b810                __syscall_sbrk_r
 .text.__syscall_lock_init
                0x000000008001b814        0x4 C:/devkitPro/libogc/lib/wii\libogc.a(system.o)
                0x000000008001b814                __syscall_lock_init
 .text.__syscall_lock_close
                0x000000008001b818        0x4 C:/devkitPro/libogc/lib/wii\libogc.a(system.o)
                0x000000008001b818                __syscall_lock_close
 .text.__syscall_lock_release
                0x000000008001b81c        0x4 C:/devkitPro/libogc/lib/wii\libogc.a(system.o)
                0x000000008001b81c                __syscall_lock_release
 .text.__syscall_lock_acquire
                0x000000008001b820        0x4 C:/devkitPro/libogc/lib/wii\libogc.a(system.o)
                0x000000008001b820                __syscall_lock_acquire
 .text.__syscall_malloc_lock
                0x000000008001b824        0x4 C:/devkitPro/libogc/lib/wii\libogc.a(system.o)
                0x000000008001b824                __syscall_malloc_lock
 .text.__syscall_malloc_unlock
                0x000000008001b828        0x4 C:/devkitPro/libogc/lib/wii\libogc.a(system.o)
                0x000000008001b828                __syscall_malloc_unlock
 .text.__syscall_gettod_r
                0x000000008001b82c        0x4 C:/devkitPro/libogc/lib/wii\libogc.a(system.o)
                0x000000008001b82c                __syscall_gettod_r
 .text.__syscall_nanosleep
                0x000000008001b830        0x4 C:/devkitPro/libogc/lib/wii\libogc.a(system.o)
                0x000000008001b830                __syscall_nanosleep
 .text.__SYS_GetRTC
                0x000000008001b834       0xd4 C:/devkitPro/libogc/lib/wii\libogc.a(system.o)
                0x000000008001b834                __SYS_GetRTC
 .text.__SYS_GetIPCBufferLo
                0x000000008001b908        0x8 C:/devkitPro/libogc/lib/wii\libogc.a(system.o)
                0x000000008001b908                __SYS_GetIPCBufferLo
 .text.__SYS_GetIPCBufferHi
                0x000000008001b910        0x8 C:/devkitPro/libogc/lib/wii\libogc.a(system.o)
                0x000000008001b910                __SYS_GetIPCBufferHi
 .text.__SYS_DoPowerCB
                0x000000008001b918       0x74 C:/devkitPro/libogc/lib/wii\libogc.a(system.o)
                0x000000008001b918                __SYS_DoPowerCB
 .text.__SYS_PreInit
                0x000000008001b98c        0x4 C:/devkitPro/libogc/lib/wii\libogc.a(system.o)
                0x000000008001b98c                __SYS_PreInit
 .text.SYS_PreMain
                0x000000008001b990       0xb4 C:/devkitPro/libogc/lib/wii\libogc.a(system.o)
                0x000000008001b990                SYS_PreMain
 .text.SYS_ResetButtonDown
                0x000000008001ba44       0x18 C:/devkitPro/libogc/lib/wii\libogc.a(system.o)
                0x000000008001ba44                SYS_ResetButtonDown
 .text.SYS_ResetSystem
                0x000000008001ba5c      0x210 C:/devkitPro/libogc/lib/wii\libogc.a(system.o)
                0x000000008001ba5c                SYS_ResetSystem
 .text.__reload
                0x000000008001bc6c       0x80 C:/devkitPro/libogc/lib/wii\libogc.a(system.o)
                0x000000008001bc6c                __reload
 .text.__syscall_exit
                0x000000008001bcec       0x88 C:/devkitPro/libogc/lib/wii\libogc.a(system.o)
                0x000000008001bcec                __syscall_exit
 .text.SYS_RegisterResetFunc
                0x000000008001bd74       0x78 C:/devkitPro/libogc/lib/wii\libogc.a(system.o)
                0x000000008001bd74                SYS_RegisterResetFunc
 .text.SYS_SetArena1Lo
                0x000000008001bdec       0x38 C:/devkitPro/libogc/lib/wii\libogc.a(system.o)
                0x000000008001bdec                SYS_SetArena1Lo
 .text.SYS_GetArena1Lo
                0x000000008001be24       0x38 C:/devkitPro/libogc/lib/wii\libogc.a(system.o)
                0x000000008001be24                SYS_GetArena1Lo
 .text.SYS_GetArena1Hi
                0x000000008001be5c       0x38 C:/devkitPro/libogc/lib/wii\libogc.a(system.o)
                0x000000008001be5c                SYS_GetArena1Hi
 .text.SYS_SetArena2Lo
                0x000000008001be94       0x38 C:/devkitPro/libogc/lib/wii\libogc.a(system.o)
                0x000000008001be94                SYS_SetArena2Lo
 .text.SYS_GetArena2Lo
                0x000000008001becc       0x38 C:/devkitPro/libogc/lib/wii\libogc.a(system.o)
                0x000000008001becc                SYS_GetArena2Lo
 .text.SYS_SetArena2Hi
                0x000000008001bf04       0x38 C:/devkitPro/libogc/lib/wii\libogc.a(system.o)
                0x000000008001bf04                SYS_SetArena2Hi
 .text.SYS_GetArena2Hi
                0x000000008001bf3c       0x38 C:/devkitPro/libogc/lib/wii\libogc.a(system.o)
                0x000000008001bf3c                SYS_GetArena2Hi
 .text.SYS_AllocateFramebuffer
                0x000000008001bf74       0x28 C:/devkitPro/libogc/lib/wii\libogc.a(system.o)
                0x000000008001bf74                SYS_AllocateFramebuffer
 .text.SYS_CreateAlarm
                0x000000008001bf9c      0x10c C:/devkitPro/libogc/lib/wii\libogc.a(system.o)
                0x000000008001bf9c                SYS_CreateAlarm
 .text.SYS_SetAlarm
                0x000000008001c0a8      0x1b0 C:/devkitPro/libogc/lib/wii\libogc.a(system.o)
                0x000000008001c0a8                SYS_SetAlarm
 .text.SYS_SetPeriodicAlarm
                0x000000008001c258      0x228 C:/devkitPro/libogc/lib/wii\libogc.a(system.o)
                0x000000008001c258                SYS_SetPeriodicAlarm
 .text.SYS_RemoveAlarm
                0x000000008001c480      0x12c C:/devkitPro/libogc/lib/wii\libogc.a(system.o)
                0x000000008001c480                SYS_RemoveAlarm
 .text.SYS_CancelAlarm
                0x000000008001c5ac       0xdc C:/devkitPro/libogc/lib/wii\libogc.a(system.o)
                0x000000008001c5ac                SYS_CancelAlarm
 .text.SYS_SetWirelessID
                0x000000008001c688       0x94 C:/devkitPro/libogc/lib/wii\libogc.a(system.o)
                0x000000008001c688                SYS_SetWirelessID
 .text.SYS_GetWirelessID
                0x000000008001c71c       0x90 C:/devkitPro/libogc/lib/wii\libogc.a(system.o)
                0x000000008001c71c                SYS_GetWirelessID
 .text.SYS_SetGBSMode
                0x000000008001c7ac       0xa8 C:/devkitPro/libogc/lib/wii\libogc.a(system.o)
                0x000000008001c7ac                SYS_SetGBSMode
 .text.__sram_init
                0x000000008001c854      0x1b0 C:/devkitPro/libogc/lib/wii\libogc.a(system.o)
                0x000000008001c854                __sram_init
 .text.SYS_Init
                0x000000008001ca04      0x5f0 C:/devkitPro/libogc/lib/wii\libogc.a(system.o)
                0x000000008001ca04                SYS_Init
 .text.SYS_GetHollywoodRevision
                0x000000008001cff4       0x3c C:/devkitPro/libogc/lib/wii\libogc.a(system.o)
                0x000000008001cff4                SYS_GetHollywoodRevision
 .text.__lwp_cond_init
                0x000000008001d030       0x14 C:/devkitPro/libogc/lib/wii\libogc.a(cond.o)
                0x000000008001d030                __lwp_cond_init
 .text.__GX_InitRevBits
                0x000000008001d044      0x140 C:/devkitPro/libogc/lib/wii\libogc.a(gx.o)
 .text.__GXTokenInterruptHandler
                0x000000008001d184       0x68 C:/devkitPro/libogc/lib/wii\libogc.a(gx.o)
 .text.__GXDefTexRegionCallback
                0x000000008001d1ec       0x78 C:/devkitPro/libogc/lib/wii\libogc.a(gx.o)
 .text.__GXDefTlutRegionCallback
                0x000000008001d264       0x18 C:/devkitPro/libogc/lib/wii\libogc.a(gx.o)
 .text.__SetSURegs
                0x000000008001d27c       0x90 C:/devkitPro/libogc/lib/wii\libogc.a(gx.o)
 .text.__SETVCDATTR
                0x000000008001d30c      0x230 C:/devkitPro/libogc/lib/wii\libogc.a(gx.o)
 .text.__SETVCDFMT
                0x000000008001d53c      0x4b8 C:/devkitPro/libogc/lib/wii\libogc.a(gx.o)
 .text.__GXCPInterruptHandler
                0x000000008001d9f4      0x17c C:/devkitPro/libogc/lib/wii\libogc.a(gx.o)
 .text.__GXFinishInterruptHandler
                0x000000008001db70       0x58 C:/devkitPro/libogc/lib/wii\libogc.a(gx.o)
 .text.GX_SetTexCoordGen2.part.0
                0x000000008001dbc8      0x258 C:/devkitPro/libogc/lib/wii\libogc.a(gx.o)
 .text.GX_InitTexObj.part.0
                0x000000008001de20      0x1e4 C:/devkitPro/libogc/lib/wii\libogc.a(gx.o)
 .text.__GX_SetDirtyState
                0x000000008001e004      0x880 C:/devkitPro/libogc/lib/wii\libogc.a(gx.o)
 .text.GX_SetCPUFifo
                0x000000008001e884      0x234 C:/devkitPro/libogc/lib/wii\libogc.a(gx.o)
                0x000000008001e884                GX_SetCPUFifo
 .text.GX_SetGPFifo
                0x000000008001eab8      0x308 C:/devkitPro/libogc/lib/wii\libogc.a(gx.o)
                0x000000008001eab8                GX_SetGPFifo
 .text.GX_AbortFrame
                0x000000008001edc0      0x3e0 C:/devkitPro/libogc/lib/wii\libogc.a(gx.o)
                0x000000008001edc0                GX_AbortFrame
 .text.__gx_onreset
                0x000000008001f1a0       0x7c C:/devkitPro/libogc/lib/wii\libogc.a(gx.o)
 .text.GX_DrawDone
                0x000000008001f21c       0xf8 C:/devkitPro/libogc/lib/wii\libogc.a(gx.o)
                0x000000008001f21c                GX_DrawDone
 .text.GX_SetViewport
                0x000000008001f314       0x78 C:/devkitPro/libogc/lib/wii\libogc.a(gx.o)
                0x000000008001f314                GX_SetViewport
 .text.GX_LoadProjectionMtx
                0x000000008001f38c       0xf0 C:/devkitPro/libogc/lib/wii\libogc.a(gx.o)
                0x000000008001f38c                GX_LoadProjectionMtx
 .text.GX_SetCopyClear
                0x000000008001f47c       0x4c C:/devkitPro/libogc/lib/wii\libogc.a(gx.o)
                0x000000008001f47c                GX_SetCopyClear
 .text.GX_SetDispCopyGamma
                0x000000008001f4c8       0x18 C:/devkitPro/libogc/lib/wii\libogc.a(gx.o)
                0x000000008001f4c8                GX_SetDispCopyGamma
 .text.GX_SetCopyFilter
                0x000000008001f4e0      0x268 C:/devkitPro/libogc/lib/wii\libogc.a(gx.o)
                0x000000008001f4e0                GX_SetCopyFilter
 .text.GX_SetDispCopyYScale
                0x000000008001f748      0x134 C:/devkitPro/libogc/lib/wii\libogc.a(gx.o)
                0x000000008001f748                GX_SetDispCopyYScale
 .text.GX_SetDispCopyDst
                0x000000008001f87c       0x20 C:/devkitPro/libogc/lib/wii\libogc.a(gx.o)
                0x000000008001f87c                GX_SetDispCopyDst
 .text.GX_SetDispCopySrc
                0x000000008001f89c       0x38 C:/devkitPro/libogc/lib/wii\libogc.a(gx.o)
                0x000000008001f89c                GX_SetDispCopySrc
 .text.GX_CopyDisp
                0x000000008001f8d4      0x12c C:/devkitPro/libogc/lib/wii\libogc.a(gx.o)
                0x000000008001f8d4                GX_CopyDisp
 .text.GX_SetVtxDesc
                0x000000008001fa00       0x34 C:/devkitPro/libogc/lib/wii\libogc.a(gx.o)
                0x000000008001fa00                GX_SetVtxDesc
 .text.GX_SetVtxAttrFmt
                0x000000008001fa34       0x54 C:/devkitPro/libogc/lib/wii\libogc.a(gx.o)
                0x000000008001fa34                GX_SetVtxAttrFmt
 .text.GX_Begin
                0x000000008001fa88       0x7c C:/devkitPro/libogc/lib/wii\libogc.a(gx.o)
                0x000000008001fa88                GX_Begin
 .text.GX_SetTexCoordGen
                0x000000008001fb04       0x14 C:/devkitPro/libogc/lib/wii\libogc.a(gx.o)
                0x000000008001fb04                GX_SetTexCoordGen
 .text.GX_LoadPosMtxImm
                0x000000008001fb18       0x50 C:/devkitPro/libogc/lib/wii\libogc.a(gx.o)
                0x000000008001fb18                GX_LoadPosMtxImm
 .text.GX_SetNumTexGens
                0x000000008001fb68       0x28 C:/devkitPro/libogc/lib/wii\libogc.a(gx.o)
                0x000000008001fb68                GX_SetNumTexGens
 .text.GX_InvVtxCache
                0x000000008001fb90       0x14 C:/devkitPro/libogc/lib/wii\libogc.a(gx.o)
                0x000000008001fb90                GX_InvVtxCache
 .text.GX_SetZMode
                0x000000008001fba4       0x38 C:/devkitPro/libogc/lib/wii\libogc.a(gx.o)
                0x000000008001fba4                GX_SetZMode
 .text.GX_InitTexObj
                0x000000008001fbdc        0xc C:/devkitPro/libogc/lib/wii\libogc.a(gx.o)
                0x000000008001fbdc                GX_InitTexObj
 .text.GX_InitTexObjLOD
                0x000000008001fbe8      0x200 C:/devkitPro/libogc/lib/wii\libogc.a(gx.o)
                0x000000008001fbe8                GX_InitTexObjLOD
 .text.GX_LoadTexObjPreloaded
                0x000000008001fde8      0x158 C:/devkitPro/libogc/lib/wii\libogc.a(gx.o)
                0x000000008001fde8                GX_LoadTexObjPreloaded
 .text.GX_LoadTexObj
                0x000000008001ff40       0x5c C:/devkitPro/libogc/lib/wii\libogc.a(gx.o)
                0x000000008001ff40                GX_LoadTexObj
 .text.GX_InvalidateTexAll
                0x000000008001ff9c       0x50 C:/devkitPro/libogc/lib/wii\libogc.a(gx.o)
                0x000000008001ff9c                GX_InvalidateTexAll
 .text.GX_SetBlendMode
                0x000000008001ffec       0xa0 C:/devkitPro/libogc/lib/wii\libogc.a(gx.o)
                0x000000008001ffec                GX_SetBlendMode
 .text.GX_ClearVtxDesc
                0x000000008002008c       0x38 C:/devkitPro/libogc/lib/wii\libogc.a(gx.o)
                0x000000008002008c                GX_ClearVtxDesc
 .text.GX_SetTevColorIn
                0x00000000800200c4       0x44 C:/devkitPro/libogc/lib/wii\libogc.a(gx.o)
                0x00000000800200c4                GX_SetTevColorIn
 .text.GX_SetTevAlphaIn
                0x0000000080020108       0x44 C:/devkitPro/libogc/lib/wii\libogc.a(gx.o)
                0x0000000080020108                GX_SetTevAlphaIn
 .text.GX_SetTevColorOp
                0x000000008002014c       0x98 C:/devkitPro/libogc/lib/wii\libogc.a(gx.o)
                0x000000008002014c                GX_SetTevColorOp
 .text.GX_SetTevAlphaOp
                0x00000000800201e4       0x98 C:/devkitPro/libogc/lib/wii\libogc.a(gx.o)
                0x00000000800201e4                GX_SetTevAlphaOp
 .text.GX_SetTevOp
                0x000000008002027c      0x168 C:/devkitPro/libogc/lib/wii\libogc.a(gx.o)
                0x000000008002027c                GX_SetTevOp
 .text.GX_SetCullMode
                0x00000000800203e4       0x2c C:/devkitPro/libogc/lib/wii\libogc.a(gx.o)
                0x00000000800203e4                GX_SetCullMode
 .text.GX_SetScissor
                0x0000000080020410       0x78 C:/devkitPro/libogc/lib/wii\libogc.a(gx.o)
                0x0000000080020410                GX_SetScissor
 .text.GX_SetNumChans
                0x0000000080020488       0x28 C:/devkitPro/libogc/lib/wii\libogc.a(gx.o)
                0x0000000080020488                GX_SetNumChans
 .text.GX_SetTevOrder
                0x00000000800204b0      0x18c C:/devkitPro/libogc/lib/wii\libogc.a(gx.o)
                0x00000000800204b0                GX_SetTevOrder
 .text.GX_SetTevKColorSel
                0x000000008002063c       0x54 C:/devkitPro/libogc/lib/wii\libogc.a(gx.o)
                0x000000008002063c                GX_SetTevKColorSel
 .text.GX_SetTevKAlphaSel
                0x0000000080020690       0x54 C:/devkitPro/libogc/lib/wii\libogc.a(gx.o)
                0x0000000080020690                GX_SetTevKAlphaSel
 .text.GX_SetTevSwapModeTable
                0x00000000800206e4       0x64 C:/devkitPro/libogc/lib/wii\libogc.a(gx.o)
                0x00000000800206e4                GX_SetTevSwapModeTable
 .text.GX_SetFog
                0x0000000080020748      0x230 C:/devkitPro/libogc/lib/wii\libogc.a(gx.o)
                0x0000000080020748                GX_SetFog
 .text.GX_SetColorUpdate
                0x0000000080020978       0x30 C:/devkitPro/libogc/lib/wii\libogc.a(gx.o)
                0x0000000080020978                GX_SetColorUpdate
 .text.GX_SetAlphaUpdate
                0x00000000800209a8       0x30 C:/devkitPro/libogc/lib/wii\libogc.a(gx.o)
                0x00000000800209a8                GX_SetAlphaUpdate
 .text.GX_SetPixelFmt
                0x00000000800209d8       0xe0 C:/devkitPro/libogc/lib/wii\libogc.a(gx.o)
                0x00000000800209d8                GX_SetPixelFmt
 .text.GX_SetFieldMode
                0x0000000080020ab8       0x58 C:/devkitPro/libogc/lib/wii\libogc.a(gx.o)
                0x0000000080020ab8                GX_SetFieldMode
 .text.GX_SetGPMetric
                0x0000000080020b10      0x7fc C:/devkitPro/libogc/lib/wii\libogc.a(gx.o)
                0x0000000080020b10                GX_SetGPMetric
 .text.GX_Init  0x000000008002130c     0x16ac C:/devkitPro/libogc/lib/wii\libogc.a(gx.o)
                0x000000008002130c                GX_Init
 .text.GX_GetYScaleFactor
                0x00000000800229b8      0x2b4 C:/devkitPro/libogc/lib/wii\libogc.a(gx.o)
                0x00000000800229b8                GX_GetYScaleFactor
 .text.guOrtho  0x0000000080022c6c       0x98 C:/devkitPro/libogc/lib/wii\libogc.a(gu.o)
                0x0000000080022c6c                guOrtho
 .text.__decrementer_init
                0x0000000080022d04        0x4 C:/devkitPro/libogc/lib/wii\libogc.a(decrementer.o)
                0x0000000080022d04                __decrementer_init
 .text.c_decrementer_handler
                0x0000000080022d08        0xc C:/devkitPro/libogc/lib/wii\libogc.a(decrementer.o)
                0x0000000080022d08                c_decrementer_handler
 .text.__lwp_mqbox_init
                0x0000000080022d14       0x14 C:/devkitPro/libogc/lib/wii\libogc.a(message.o)
                0x0000000080022d14                __lwp_mqbox_init
 .text.__si_transfer
                0x0000000080022d28      0x188 C:/devkitPro/libogc/lib/wii\libogc.a(si.o)
 .text.__si_alarmhandler
                0x0000000080022eb0      0x10c C:/devkitPro/libogc/lib/wii\libogc.a(si.o)
 .text.__si_completetransfer
                0x0000000080022fbc      0x1f8 C:/devkitPro/libogc/lib/wii\libogc.a(si.o)
 .text.__si_transfernext
                0x00000000800231b4      0x294 C:/devkitPro/libogc/lib/wii\libogc.a(si.o)
 .text.SI_Busy  0x0000000080023448       0x18 C:/devkitPro/libogc/lib/wii\libogc.a(si.o)
                0x0000000080023448                SI_Busy
 .text.SI_IsChanBusy
                0x0000000080023460       0x38 C:/devkitPro/libogc/lib/wii\libogc.a(si.o)
                0x0000000080023460                SI_IsChanBusy
 .text.SI_SetXY
                0x0000000080023498       0x64 C:/devkitPro/libogc/lib/wii\libogc.a(si.o)
                0x0000000080023498                SI_SetXY
 .text.SI_EnablePolling
                0x00000000800234fc       0x80 C:/devkitPro/libogc/lib/wii\libogc.a(si.o)
                0x00000000800234fc                SI_EnablePolling
 .text.SI_DisablePolling
                0x000000008002357c       0x58 C:/devkitPro/libogc/lib/wii\libogc.a(si.o)
                0x000000008002357c                SI_DisablePolling
 .text.SI_SetSamplingRate
                0x00000000800235d4       0xdc C:/devkitPro/libogc/lib/wii\libogc.a(si.o)
                0x00000000800235d4                SI_SetSamplingRate
 .text.SI_RefreshSamplingRate
                0x00000000800236b0        0x8 C:/devkitPro/libogc/lib/wii\libogc.a(si.o)
                0x00000000800236b0                SI_RefreshSamplingRate
 .text.SI_GetStatus
                0x00000000800236b8       0x78 C:/devkitPro/libogc/lib/wii\libogc.a(si.o)
                0x00000000800236b8                SI_GetStatus
 .text.SI_GetResponseRaw
                0x0000000080023730       0xe8 C:/devkitPro/libogc/lib/wii\libogc.a(si.o)
                0x0000000080023730                SI_GetResponseRaw
 .text.SI_GetResponse
                0x0000000080023818       0xb8 C:/devkitPro/libogc/lib/wii\libogc.a(si.o)
                0x0000000080023818                SI_GetResponse
 .text.SI_SetCommand
                0x00000000800238d0       0x10 C:/devkitPro/libogc/lib/wii\libogc.a(si.o)
                0x00000000800238d0                SI_SetCommand
 .text.SI_Transfer
                0x00000000800238e0      0x250 C:/devkitPro/libogc/lib/wii\libogc.a(si.o)
                0x00000000800238e0                SI_Transfer
 .text.__si_gettypecallback
                0x0000000080023b30      0x2c4 C:/devkitPro/libogc/lib/wii\libogc.a(si.o)
 .text.__si_interrupthandler
                0x0000000080023df4      0x2bc C:/devkitPro/libogc/lib/wii\libogc.a(si.o)
 .text.SI_GetType
                0x00000000800240b0      0x214 C:/devkitPro/libogc/lib/wii\libogc.a(si.o)
                0x00000000800240b0                SI_GetType
 .text.SI_GetTypeAsync
                0x00000000800242c4      0x1a4 C:/devkitPro/libogc/lib/wii\libogc.a(si.o)
                0x00000000800242c4                SI_GetTypeAsync
 .text.SI_EnablePollingInterrupt
                0x0000000080024468       0x80 C:/devkitPro/libogc/lib/wii\libogc.a(si.o)
                0x0000000080024468                SI_EnablePollingInterrupt
 .text.SI_UnregisterPollingHandler
                0x00000000800244e8      0x118 C:/devkitPro/libogc/lib/wii\libogc.a(si.o)
                0x00000000800244e8                SI_UnregisterPollingHandler
 .text.__si_init
                0x0000000080024600       0xe8 C:/devkitPro/libogc/lib/wii\libogc.a(si.o)
                0x0000000080024600                __si_init
 .text.TPL_GetTextureSize
                0x00000000800246e8       0x9c C:/devkitPro/libogc/lib/wii\libogc.a(tpl.o)
 .text.TPL_OpenTPLFromMemory
                0x0000000080024784       0xa4 C:/devkitPro/libogc/lib/wii\libogc.a(tpl.o)
                0x0000000080024784                TPL_OpenTPLFromMemory
 .text.TPL_GetTexture
                0x0000000080024828      0x1fc C:/devkitPro/libogc/lib/wii\libogc.a(tpl.o)
                0x0000000080024828                TPL_GetTexture
 .text.__ipc_sendrequest.part.0
                0x0000000080024a24       0xe4 C:/devkitPro/libogc/lib/wii\libogc.a(ipc.o)
 .text.__ipc_syncrequest
                0x0000000080024b08       0xec C:/devkitPro/libogc/lib/wii\libogc.a(ipc.o)
 .text.__ioctlvfmtCB
                0x0000000080024bf4      0x158 C:/devkitPro/libogc/lib/wii\libogc.a(ipc.o)
 .text.__ios_ioctlvformat_parse
                0x0000000080024d4c      0x818 C:/devkitPro/libogc/lib/wii\libogc.a(ipc.o)
 .text.__ipc_asyncrequest
                0x0000000080025564      0x150 C:/devkitPro/libogc/lib/wii\libogc.a(ipc.o)
 .text.__ipc_interrupthandler
                0x00000000800256b4      0x354 C:/devkitPro/libogc/lib/wii\libogc.a(ipc.o)
 .text.iosCreateHeap
                0x0000000080025a08      0x284 C:/devkitPro/libogc/lib/wii\libogc.a(ipc.o)
                0x0000000080025a08                iosCreateHeap
 .text.iosAlloc
                0x0000000080025c8c       0x30 C:/devkitPro/libogc/lib/wii\libogc.a(ipc.o)
                0x0000000080025c8c                iosAlloc
 .text.iosFree  0x0000000080025cbc       0x28 C:/devkitPro/libogc/lib/wii\libogc.a(ipc.o)
                0x0000000080025cbc                iosFree
 .text.__IPC_ClntInit
                0x0000000080025ce4       0xc8 C:/devkitPro/libogc/lib/wii\libogc.a(ipc.o)
                0x0000000080025ce4                __IPC_ClntInit
 .text.IOS_Open
                0x0000000080025dac      0x110 C:/devkitPro/libogc/lib/wii\libogc.a(ipc.o)
                0x0000000080025dac                IOS_Open
 .text.IOS_Close
                0x0000000080025ebc       0xf0 C:/devkitPro/libogc/lib/wii\libogc.a(ipc.o)
                0x0000000080025ebc                IOS_Close
 .text.IOS_CloseAsync
                0x0000000080025fac       0xb4 C:/devkitPro/libogc/lib/wii\libogc.a(ipc.o)
                0x0000000080025fac                IOS_CloseAsync
 .text.IOS_Read
                0x0000000080026060      0x10c C:/devkitPro/libogc/lib/wii\libogc.a(ipc.o)
                0x0000000080026060                IOS_Read
 .text.IOS_Write
                0x000000008002616c      0x10c C:/devkitPro/libogc/lib/wii\libogc.a(ipc.o)
                0x000000008002616c                IOS_Write
 .text.IOS_Ioctl
                0x0000000080026278      0x158 C:/devkitPro/libogc/lib/wii\libogc.a(ipc.o)
                0x0000000080026278                IOS_Ioctl
 .text.IOS_IoctlAsync
                0x00000000800263d0      0x148 C:/devkitPro/libogc/lib/wii\libogc.a(ipc.o)
                0x00000000800263d0                IOS_IoctlAsync
 .text.IOS_Ioctlv
                0x0000000080026518      0x1f0 C:/devkitPro/libogc/lib/wii\libogc.a(ipc.o)
                0x0000000080026518                IOS_Ioctlv
 .text.IOS_IoctlvAsync
                0x0000000080026708      0x1d4 C:/devkitPro/libogc/lib/wii\libogc.a(ipc.o)
                0x0000000080026708                IOS_IoctlvAsync
 .text.IOS_IoctlvFormat
                0x00000000800268dc      0x16c C:/devkitPro/libogc/lib/wii\libogc.a(ipc.o)
                0x00000000800268dc                IOS_IoctlvFormat
 .text.IOS_IoctlvReboot
                0x0000000080026a48      0x1f4 C:/devkitPro/libogc/lib/wii\libogc.a(ipc.o)
                0x0000000080026a48                IOS_IoctlvReboot
 .text.gettick  0x0000000080026c3c        0x8 C:/devkitPro/libogc/lib/wii\libogc.a(timesupp.o)
                0x0000000080026c3c                gettick
 .text.gettime  0x0000000080026c44       0x18 C:/devkitPro/libogc/lib/wii\libogc.a(timesupp.o)
                0x0000000080026c44                gettime
 .text.settime  0x0000000080026c5c       0x14 C:/devkitPro/libogc/lib/wii\libogc.a(timesupp.o)
                0x0000000080026c5c                settime
 .text.diff_usec
                0x0000000080026c70       0x88 C:/devkitPro/libogc/lib/wii\libogc.a(timesupp.o)
                0x0000000080026c70                diff_usec
 .text.__timesystem_init
                0x0000000080026cf8       0x1c C:/devkitPro/libogc/lib/wii\libogc.a(timesupp.o)
                0x0000000080026cf8                __timesystem_init
 .text.udelay   0x0000000080026d14       0xac C:/devkitPro/libogc/lib/wii\libogc.a(timesupp.o)
                0x0000000080026d14                udelay
 .text.__libogc_nanosleep
                0x0000000080026dc0      0x154 C:/devkitPro/libogc/lib/wii\libogc.a(timesupp.o)
                0x0000000080026dc0                __libogc_nanosleep
 .text.__libogc_gettod_r
                0x0000000080026f14       0xd4 C:/devkitPro/libogc/lib/wii\libogc.a(timesupp.o)
                0x0000000080026f14                __libogc_gettod_r
 .text.__libogc_lock_init
                0x0000000080026fe8       0x78 C:/devkitPro/libogc/lib/wii\libogc.a(lock_supp.o)
                0x0000000080026fe8                __libogc_lock_init
 .text.__libogc_lock_close
                0x0000000080027060       0x64 C:/devkitPro/libogc/lib/wii\libogc.a(lock_supp.o)
                0x0000000080027060                __libogc_lock_close
 .text.__libogc_lock_acquire
                0x00000000800270c4       0x20 C:/devkitPro/libogc/lib/wii\libogc.a(lock_supp.o)
                0x00000000800270c4                __libogc_lock_acquire
 .text.__libogc_lock_release
                0x00000000800270e4       0x20 C:/devkitPro/libogc/lib/wii\libogc.a(lock_supp.o)
                0x00000000800270e4                __libogc_lock_release
 .text.__libc_create_hook
                0x0000000080027104       0x10 C:/devkitPro/libogc/lib/wii\libogc.a(newlibc.o)
                0x0000000080027104                __libc_create_hook
 .text.__libc_start_hook
                0x0000000080027114       0x9c C:/devkitPro/libogc/lib/wii\libogc.a(newlibc.o)
                0x0000000080027114                __libc_start_hook
 .text.__libc_delete_hook
                0x00000000800271b0      0x108 C:/devkitPro/libogc/lib/wii\libogc.a(newlibc.o)
                0x00000000800271b0                __libc_delete_hook
 .text.__libc_init
                0x00000000800272b8       0xb0 C:/devkitPro/libogc/lib/wii\libogc.a(newlibc.o)
                0x00000000800272b8                __libc_init
 .text.__libogc_sbrk_r
                0x0000000080027368      0x29c C:/devkitPro/libogc/lib/wii\libogc.a(sbrk.o)
                0x0000000080027368                __libogc_sbrk_r
 .text.__memlock_init
                0x0000000080027604       0x7c C:/devkitPro/libogc/lib/wii\libogc.a(malloc_lock.o)